"bin\bugreporter_filequeue.dll"
"hl2\shaders\fxc\bik_ps20b.vcs"
"hl2\shaders\fxc\bik_vs20.vcs"
"hl2\shaders\fxc\bufferclearobeystencil_ps20b.vcs"
"hl2\shaders\fxc\bufferclearobeystencil_vs20.vcs"
"hl2\shaders\fxc\cable_ps20b.vcs"
"hl2\shaders\fxc\cable_vs20.vcs"
"hl2\shaders\fxc\debugdrawdepth_ps20b.vcs"
"hl2\shaders\fxc\debugdrawdepth_vs20.vcs"
"hl2\shaders\fxc\debugdrawenvmapmask_ps20b.vcs"
"hl2\shaders\fxc\debugdrawenvmapmask_vs20.vcs"
"hl2\shaders\fxc\debugluxel_ps20b.vcs"
"hl2\shaders\fxc\debugluxel_vs20.vcs"
"hl2\shaders\fxc\debugmorphaccumulator_ps30.vcs"
"hl2\shaders\fxc\debugmorphaccumulator_vs30.vcs"
"hl2\shaders\fxc\depthwrite_ps30.vcs"
"hl2\shaders\fxc\depthwrite_vs30.vcs"
"hl2\shaders\fxc\eyeglint_ps20b.vcs"
"hl2\shaders\fxc\eyeglint_vs20.vcs"
"hl2\shaders\fxc\fillrate_ps20b.vcs"
"hl2\shaders\fxc\fillrate_vs20.vcs"
"hl2\shaders\fxc\flashlight_ps30.vcs"
"hl2\shaders\fxc\lightmappedgeneric_flashlight_vs30.vcs"
"hl2\shaders\fxc\lightmappedgeneric_ps20b.vcs"
"hl2\shaders\fxc\lightmappedgeneric_vs20.vcs"
"hl2\shaders\fxc\morphweight_ps30.vcs"
"hl2\shaders\fxc\morphweight_vs30.vcs"
"hl2\shaders\fxc\refract_ps20b.vcs"
"hl2\shaders\fxc\refract_vs20.vcs"
"hl2\shaders\fxc\shadow_ps20b.vcs"
"hl2\shaders\fxc\shadow_vs20.vcs"
"hl2\shaders\fxc\shadowbuildtexture_ps30.vcs"
"hl2\shaders\fxc\splinecard_vs20.vcs"
"hl2\shaders\fxc\spritecard_ps20b.vcs"
"hl2\shaders\fxc\spritecard_vs20.vcs"
"hl2\shaders\fxc\unlitgeneric_ps30.vcs"
"hl2\shaders\fxc\unlitgeneric_vs30.vcs"
"hl2\shaders\fxc\unlittwotexture_ps20b.vcs"
"hl2\shaders\fxc\unlittwotexture_vs20.vcs"
"hl2\shaders\fxc\vertexlit_and_unlit_generic_ps30.vcs"
"hl2\shaders\fxc\vertexlit_and_unlit_generic_vs30.vcs"
"hl2\shaders\fxc\writez_vs20.vcs"
"left4dead2\addonlist.txt"
"left4dead2\addons\deadline2.vpk"
"left4dead2\cfg\cpu_level_2_pc.ekv"
"left4dead2\cfg\gpu_level_3_pc.ekv"
"left4dead2\cfg\gpu_mem_level_0_pc.ekv"
"left4dead2\cfg\gpu_mem_level_2_pc.ekv"
"left4dead2\cfg\mem_level_2_pc.ekv"
"left4dead2\cfg\modsettings.cfg"
"left4dead2\cfg\valve.rc"
"left4dead2\console.log"
"left4dead2\expressions\phonemes.vfe"
"left4dead2\expressions\phonemes_strong.vfe"
"left4dead2\expressions\phonemes_weak.vfe"
"left4dead2\expressions\survivors\survivor_biker\biker_expressions.vfe"
"left4dead2\expressions\survivors\survivor_coach\coach_expressions.vfe"
"left4dead2\expressions\survivors\survivor_gambler\gambler_expressions.vfe"
"left4dead2\expressions\survivors\survivor_manager\manager_expressions.vfe"
"left4dead2\expressions\survivors\survivor_mechanic\mechanic_expressions.vfe"
"left4dead2\expressions\survivors\survivor_namvet\namvet_expressions.vfe"
"left4dead2\expressions\survivors\survivor_producer\producer_expressions.vfe"
"left4dead2\expressions\survivors\survivor_teenangst\teen_expressions.vfe"
"left4dead2\maps\c2m5_concert.bsp"
"left4dead2\materials\cable\cablenormalmap.vtf"
"left4dead2\materials\console\background03.vmt"
"left4dead2\materials\console\background03.vtf"
"left4dead2\materials\console\startup_loading.vtf"
"left4dead2\materials\debug\debugambientcube.vmt"
"left4dead2\materials\debug\debugbrushwireframe.vmt"
"left4dead2\materials\debug\debugdecalwireframe.vmt"
"left4dead2\materials\debug\debugdrawflattriangles.vmt"
"left4dead2\materials\debug\debugempty.vmt"
"left4dead2\materials\debug\debugempty.vtf"
"left4dead2\materials\debug\debugleafviswireframe.vmt"
"left4dead2\materials\debug\debuglightmap.vmt"
"left4dead2\materials\debug\debuglightmapzbuffer.vmt"
"left4dead2\materials\debug\debugluxels.vmt"
"left4dead2\materials\debug\debugluxels.vtf"
"left4dead2\materials\debug\debugmrmwireframe.vmt"
"left4dead2\materials\debug\debugtranslucentsinglecolor.vmt"
"left4dead2\materials\debug\debugtranslucentvertexcolor.vmt"
"left4dead2\materials\debug\debugwireframe.vmt"
"left4dead2\materials\debug\debugwireframevertexcolor.vmt"
"left4dead2\materials\debug\debugwireframevertexcolorignorez.vmt"
"left4dead2\materials\debug\debugworldwireframe.vmt"
"left4dead2\materials\debug\debugworldwireframezbuffer.vmt"
"left4dead2\materials\debug\particleerror.vmt"
"left4dead2\materials\debug\particleerror.vtf"
"left4dead2\materials\decals\rendermodelshadow.vmt"
"left4dead2\materials\decals\rendershadow.vmt"
"left4dead2\materials\decals\simpleshadow.vmt"
"left4dead2\materials\decals\simpleshadow.vtf"
"left4dead2\materials\dev\black_cheap.vmt"
"left4dead2\materials\dev\identitylightwarp.vtf"
"left4dead2\materials\dev\twenty.vtf"
"left4dead2\materials\effects\blood_core.vtf"
"left4dead2\materials\effects\flashlight001.vtf"
"left4dead2\materials\effects\muzzleflash2.vtf"
"left4dead2\materials\effects\muzzleflash4.vtf"
"left4dead2\materials\effects\muzzleflashx.vtf"
"left4dead2\materials\effects\spark.vtf"
"left4dead2\materials\effects\yellowflare.vtf"
"left4dead2\materials\engine\l4d_spinner.vtf"
"left4dead2\materials\engine\lightsprite.vmt"
"left4dead2\materials\engine\lightsprite.vtf"
"left4dead2\materials\engine\modulatesinglecolor.vmt"
"left4dead2\materials\engine\normalizedrandomdirections2d.vtf"
"left4dead2\materials\engine\shadowbuild.vmt"
"left4dead2\materials\engine\ssaoreflectionvectors.vtf"
"left4dead2\materials\engine\writez.vmt"
"left4dead2\materials\models\infected\common\l4d2\ci_shadowbuild.vmt"
"left4dead2\materials\particle\beam_blood_01.vmt"
"left4dead2\materials\particle\beam_blood_01.vtf"
"left4dead2\materials\particle\beam_flashlight.vmt"
"left4dead2\materials\particle\beam_flashlight.vtf"
"left4dead2\materials\particle\beam_smoke_01.vmt"
"left4dead2\materials\particle\beam_smoke_01.vtf"
"left4dead2\materials\particle\beam_smoke_01_addself.vmt"
"left4dead2\materials\particle\beam_smoke_01_alpha.vmt"
"left4dead2\materials\particle\bleedout_01.vmt"
"left4dead2\materials\particle\bleedout_01.vtf"
"left4dead2\materials\particle\blood_core.vmt"
"left4dead2\materials\particle\blood_core_streak.vmt"
"left4dead2\materials\particle\blood_drop.vmt"
"left4dead2\materials\particle\blood_drop.vtf"
"left4dead2\materials\particle\blood_mist\blood_mist.vmt"
"left4dead2\materials\particle\blood_mist\blood_mist.vtf"
"left4dead2\materials\particle\blood_mist\blood_mist_nodepthblend.vmt"
"left4dead2\materials\particle\blood_splatter\blood_splatter.vmt"
"left4dead2\materials\particle\blood_splatter\bloodsplatter.vtf"
"left4dead2\materials\particle\crackedpavementdecal.vmt"
"left4dead2\materials\particle\crackedpavementdecal.vtf"
"left4dead2\materials\particle\droplets\droplets.vmt"
"left4dead2\materials\particle\droplets\droplets.vtf"
"left4dead2\materials\particle\droplets\droplets_minsize_nodepth.vmt"
"left4dead2\materials\particle\fire_burning_character\fire_burning_character.vmt"
"left4dead2\materials\particle\fire_burning_character\fire_burning_character.vtf"
"left4dead2\materials\particle\fire_burning_character\fire_burning_character_nodepth.vmt"
"left4dead2\materials\particle\fire_burning_character\fire_burning_character_noz.vmt"
"left4dead2\materials\particle\fire_burning_character\fire_molotov_crop.vmt"
"left4dead2\materials\particle\fire_burning_character\fire_screen_crop.vmt"
"left4dead2\materials\particle\fire_particle_2\fire_particle_2.vmt"
"left4dead2\materials\particle\fire_particle_2\fire_particle_2.vtf"
"left4dead2\materials\particle\fire_particle_2\fire_particle_2_ob.vmt"
"left4dead2\materials\particle\fire_particle_4\fire_particle_4.vmt"
"left4dead2\materials\particle\fire_particle_4\fire_particle_4.vtf"
"left4dead2\materials\particle\fire_particle_4\fire_particle_4_ob.vmt"
"left4dead2\materials\particle\flashlight_glow.vmt"
"left4dead2\materials\particle\goo\goo2.vmt"
"left4dead2\materials\particle\goo\goo2.vtf"
"left4dead2\materials\particle\headshot\headshot.vmt"
"left4dead2\materials\particle\headshot\headshot.vtf"
"left4dead2\materials\particle\impact\fleks.vmt"
"left4dead2\materials\particle\impact\fleks.vtf"
"left4dead2\materials\particle\impact\fleks2.vmt"
"left4dead2\materials\particle\impact\fleks2.vtf"
"left4dead2\materials\particle\intestine_beam.vtf"
"left4dead2\materials\particle\intestines_beam.vmt"
"left4dead2\materials\particle\leaf\leafdead.vmt"
"left4dead2\materials\particle\leaf\leafdead.vtf"
"left4dead2\materials\particle\muzzleflashcloud.vmt"
"left4dead2\materials\particle\muzzleflashcloud.vtf"
"left4dead2\materials\particle\particle_debris_02.vmt"
"left4dead2\materials\particle\particle_debris_02.vtf"
"left4dead2\materials\particle\particle_debris_burst\particle_debris_burst_001.vmt"
"left4dead2\materials\particle\particle_debris_burst\particle_debris_burst_001.vtf"
"left4dead2\materials\particle\particle_debris_burst\particle_debris_burst_002.vmt"
"left4dead2\materials\particle\particle_debris_burst\particle_debris_burst_002.vtf"
"left4dead2\materials\particle\particle_flares\particle_flare_001.vtf"
"left4dead2\materials\particle\particle_flares\particle_flare_001_nodepth_noz.vmt"
"left4dead2\materials\particle\particle_flares\particle_flare_001_nodepth_noz_minsize.vmt"
"left4dead2\materials\particle\particle_flares\particle_flare_001_nodepth_noz_nearfade.vmt"
"left4dead2\materials\particle\particle_flares\particle_flare_001_nodepth_noz_ob.vmt"
"left4dead2\materials\particle\particle_flares\particle_flare_003.vtf"
"left4dead2\materials\particle\particle_flares\particle_flare_003_nodepth.vmt"
"left4dead2\materials\particle\particle_flares\particle_flare_004.vmt"
"left4dead2\materials\particle\particle_flares\particle_flare_004.vtf"
"left4dead2\materials\particle\particle_flares\particle_flare_004_nodepth.vmt"
"left4dead2\materials\particle\particle_flares\particle_flare_004b_mod.vtf"
"left4dead2\materials\particle\particle_flares\particle_flare_004b_mod_ob.vmt"
"left4dead2\materials\particle\particle_flares\particle_flare_007b.vtf"
"left4dead2\materials\particle\particle_flares\particle_flare_007b_nodepth.vmt"
"left4dead2\materials\particle\particle_flares\particle_flare_007b_noz.vmt"
"left4dead2\materials\particle\particle_flares\particle_flare_009.vtf"
"left4dead2\materials\particle\particle_flares\particle_flare_009_nodepth_noz_minmax.vmt"
"left4dead2\materials\particle\particle_gauze.vmt"
"left4dead2\materials\particle\particle_gauze.vtf"
"left4dead2\materials\particle\particle_glow_01.vmt"
"left4dead2\materials\particle\particle_glow_01.vtf"
"left4dead2\materials\particle\particle_glow_01_additive.vmt"
"left4dead2\materials\particle\particle_glow_01_streak.vmt"
"left4dead2\materials\particle\particle_glow_02.vtf"
"left4dead2\materials\particle\particle_glow_02_add_15ob_trail.vmt"
"left4dead2\materials\particle\particle_glow_03.vmt"
"left4dead2\materials\particle\particle_glow_03.vtf"
"left4dead2\materials\particle\particle_glow_03_additive.vmt"
"left4dead2\materials\particle\particle_glow_03_streak.vmt"
"left4dead2\materials\particle\particle_glow_04.vmt"
"left4dead2\materials\particle\particle_glow_04.vtf"
"left4dead2\materials\particle\particle_glow_04_additive.vmt"
"left4dead2\materials\particle\particle_glow_04_additive_nodepth.vmt"
"left4dead2\materials\particle\particle_glow_05.vtf"
"left4dead2\materials\particle\particle_glow_05_add_15ob_minsize.vmt"
"left4dead2\materials\particle\particle_glow_05_add_15ob_noz.vmt"
"left4dead2\materials\particle\particle_glow_05_add_5ob.vmt"
"left4dead2\materials\particle\particle_glow_05_additive.vmt"
"left4dead2\materials\particle\particle_glow_05_additive_noz_minmaxsize.vmt"
"left4dead2\materials\particle\particle_glow_05_additive_noz_minsize.vmt"
"left4dead2\materials\particle\particle_glow_07.vtf"
"left4dead2\materials\particle\particle_glow_07_15ob.vmt"
"left4dead2\materials\particle\particle_meleeblur_noz.vmt"
"left4dead2\materials\particle\particle_modulate_01.vmt"
"left4dead2\materials\particle\particle_modulate_01.vtf"
"left4dead2\materials\particle\particle_modulate_01_nearcull.vmt"
"left4dead2\materials\particle\particle_modulate_01_noz.vmt"
"left4dead2\materials\particle\particle_muzzleflash2.vmt"
"left4dead2\materials\particle\particle_muzzleflash2_noz.vmt"
"left4dead2\materials\particle\particle_muzzleflash4.vmt"
"left4dead2\materials\particle\particle_muzzleflashx.vmt"
"left4dead2\materials\particle\particle_ring_wave_10.vtf"
"left4dead2\materials\particle\particle_ring_wave_10_add.vmt"
"left4dead2\materials\particle\particle_ring_wave_12.vmt"
"left4dead2\materials\particle\particle_ring_wave_12.vtf"
"left4dead2\materials\particle\particle_ring_wave_2.vmt"
"left4dead2\materials\particle\particle_ring_wave_2.vtf"
"left4dead2\materials\particle\particle_ring_wave_8.vtf"
"left4dead2\materials\particle\particle_ring_wave_8_add_nearcull.vmt"
"left4dead2\materials\particle\particle_ring_wave_9.vtf"
"left4dead2\materials\particle\particle_ring_wave_9_add.vmt"
"left4dead2\materials\particle\particle_smokegrenade.vtf"
"left4dead2\materials\particle\particle_smokegrenade_sc.vmt"
"left4dead2\materials\particle\particle_spark.vmt"
"left4dead2\materials\particle\particle_spore\particle_spore.vmt"
"left4dead2\materials\particle\particle_spore\particle_spore.vtf"
"left4dead2\materials\particle\pebble1\particle_pebble_1.vmt"
"left4dead2\materials\particle\pebble1\particle_pebble_1.vtf"
"left4dead2\materials\particle\screenspace_fog.vmt"
"left4dead2\materials\particle\screenspaceboomervomit.vmt"
"left4dead2\materials\particle\shells\particle_shells.vmt"
"left4dead2\materials\particle\shells\particle_shells.vtf"
"left4dead2\materials\particle\smoke1\smoke1.vmt"
"left4dead2\materials\particle\smoke1\smoke1.vtf"
"left4dead2\materials\particle\smoke1\smoke1_additive.vmt"
"left4dead2\materials\particle\smoke1\smoke1_fade.vmt"
"left4dead2\materials\particle\smoke1\smoke1_nearcull.vmt"
"left4dead2\materials\particle\smoke1\smoke1_nearcull3.vmt"
"left4dead2\materials\particle\smoker_tongue_beam.vmt"
"left4dead2\materials\particle\smoker_tongue_beam.vtf"
"left4dead2\materials\particle\smoker_tongue_joint.vmt"
"left4dead2\materials\particle\smoker_tongue_joint.vtf"
"left4dead2\materials\particle\sparks\sparks.vmt"
"left4dead2\materials\particle\sparks\sparks.vtf"
"left4dead2\materials\particle\sparks\sparks_alpha.vmt"
"left4dead2\materials\particle\spray1\spray1.vmt"
"left4dead2\materials\particle\spray1\spray1.vtf"
"left4dead2\materials\particle\spray1\spray1_addself.vmt"
"left4dead2\materials\particle\spray1\spray1_nodepth.vmt"
"left4dead2\materials\particle\spray1\spray1_streak.vmt"
"left4dead2\materials\particle\star_noz.vmt"
"left4dead2\materials\particle\star_ob.vmt"
"left4dead2\materials\particle\star_ob_noz.vmt"
"left4dead2\materials\particle\vistasmokev1\vistasmokev1.vmt"
"left4dead2\materials\particle\vistasmokev1\vistasmokev1.vtf"
"left4dead2\materials\particle\vistasmokev1\vistasmokev1_fire.vmt"
"left4dead2\materials\particle\vistasmokev1\vistasmokev1_fire5_noz.vmt"
"left4dead2\materials\particle\vistasmokev1\vistasmokev1_nearcull.vmt"
"left4dead2\materials\particle\vistasmokev1\vistasmokev4_addself_nearcull.vmt"
"left4dead2\materials\particle\vistasmokev1\vistasmokev4_addself_nearcull_ob.vmt"
"left4dead2\materials\particle\vistasmokev1\vistasmokev4_nearcull.vmt"
"left4dead2\materials\particle\vistasmokev1\vistasmokev4_nocull.vmt"
"left4dead2\materials\particle\vistasmokev1_add_nearcull.vmt"
"left4dead2\materials\particle\vistasmokev1_add_nearcull_nodepth.vmt"
"left4dead2\materials\particle\vistasmokev1_fog_add.vmt"
"left4dead2\materials\particle\vistasmokev1_min_depth_nearcull.vmt"
"left4dead2\materials\particle\vomitscreensplash.vtf"
"left4dead2\materials\particle\warp_ripple.vmt"
"left4dead2\materials\particle\warp_ripple2.vmt"
"left4dead2\materials\particle\warp_ripple2_normal.vtf"
"left4dead2\materials\particle\warp_ripple3.vmt"
"left4dead2\materials\particle\warp_ripple3_normal.vtf"
"left4dead2\materials\particle\warp_ripple3_noz.vmt"
"left4dead2\materials\particle\warp_ripple_normal.vtf"
"left4dead2\materials\particle\water\water_beam_01_normal.vtf"
"left4dead2\materials\particle\water\water_beam_01_warp_alpha.vmt"
"left4dead2\materials\particle\water_splash\water_splash.vmt"
"left4dead2\materials\particle\water_splash\water_splash.vtf"
"left4dead2\materials\particle\water_splash\water_splash_nodepth.vmt"
"left4dead2\materials\particle\water_splash\water_splash_nodepth_maxsize.vmt"
"left4dead2\materials\particle\water_splash\water_splash_streak.vmt"
"left4dead2\materials\sprites\640_pain_down.vmt"
"left4dead2\materials\sprites\640_pain_down.vtf"
"left4dead2\materials\sprites\640_pain_left.vmt"
"left4dead2\materials\sprites\640_pain_left.vtf"
"left4dead2\materials\sprites\640_pain_right.vmt"
"left4dead2\materials\sprites\640_pain_right.vtf"
"left4dead2\materials\sprites\640_pain_up.vmt"
"left4dead2\materials\sprites\640_pain_up.vtf"
"left4dead2\materials\sprites\crosshairs.vmt"
"left4dead2\materials\sprites\crosshairs.vtf"
"left4dead2\materials\sprites\death_icon.vmt"
"left4dead2\materials\sprites\death_icon.vtf"
"left4dead2\materials\sprites\headshot_icon.vmt"
"left4dead2\materials\sprites\headshot_icon.vtf"
"left4dead2\materials\sprites\skull_icon.vmt"
"left4dead2\materials\sprites\skull_icon.vtf"
"left4dead2\materials\vgui\..\vgui\ghost_title_bg.vmt"
"left4dead2\materials\vgui\..\vgui\hud\scalablepanel_bgblack.vmt"
"left4dead2\materials\vgui\..\vgui\hud\scalablepanel_bgblack50_outlinegrey.vmt"
"left4dead2\materials\vgui\..\vgui\hud\scalablepanel_bgblack_outlinered.vmt"
"left4dead2\materials\vgui\..\vgui\hud\splatter1.vmt"
"left4dead2\materials\vgui\..\vgui\hud\splatter2.vmt"
"left4dead2\materials\vgui\..\vgui\hud\splatter3.vmt"
"left4dead2\materials\vgui\..\vgui\hud\splatter_corner_upper_right.vmt"
"left4dead2\materials\vgui\..\vgui\hud\splatter_horizontal_bottom.vmt"
"left4dead2\materials\vgui\..\vgui\hud\splatter_vertical_right.vmt"
"left4dead2\materials\vgui\..\vgui\menu_mode_scavenge.vmt"
"left4dead2\materials\vgui\..\vgui\menu_mode_versus.vmt"
"left4dead2\materials\vgui\..\vgui\s_panel_coach.vmt"
"left4dead2\materials\vgui\..\vgui\s_panel_coach_incap.vmt"
"left4dead2\materials\vgui\..\vgui\s_panel_dead.vmt"
"left4dead2\materials\vgui\..\vgui\s_panel_gambler.vmt"
"left4dead2\materials\vgui\..\vgui\s_panel_gambler_incap.vmt"
"left4dead2\materials\vgui\..\vgui\s_panel_mechanic.vmt"
"left4dead2\materials\vgui\..\vgui\s_panel_mechanic_incap.vmt"
"left4dead2\materials\vgui\..\vgui\s_panel_producer.vmt"
"left4dead2\materials\vgui\..\vgui\s_panel_producer_incap.vmt"
"left4dead2\materials\vgui\achievements\ach_airline_finale_no_damage.vmt"
"left4dead2\materials\vgui\achievements\ach_airline_finale_no_damage.vtf"
"left4dead2\materials\vgui\achievements\ach_beat_campaigns_expert_mode.vmt"
"left4dead2\materials\vgui\achievements\ach_beat_campaigns_expert_mode.vtf"
"left4dead2\materials\vgui\achievements\ach_bile_a_tank.vmt"
"left4dead2\materials\vgui\achievements\ach_bile_a_tank.vtf"
"left4dead2\materials\vgui\achievements\ach_bridge_timed_run.vmt"
"left4dead2\materials\vgui\achievements\ach_bridge_timed_run.vtf"
"left4dead2\materials\vgui\achievements\ach_collect_ceda_vials.vmt"
"left4dead2\materials\vgui\achievements\ach_collect_ceda_vials.vtf"
"left4dead2\materials\vgui\achievements\ach_cut_off_heads_melee.vmt"
"left4dead2\materials\vgui\achievements\ach_cut_off_heads_melee.vtf"
"left4dead2\materials\vgui\achievements\ach_deploy_ammo_upgrade.vmt"
"left4dead2\materials\vgui\achievements\ach_deploy_ammo_upgrade.vtf"
"left4dead2\materials\vgui\achievements\ach_finish_campaign_melee_only.vmt"
"left4dead2\materials\vgui\achievements\ach_finish_campaign_melee_only.vtf"
"left4dead2\materials\vgui\achievements\ach_gnome_rescue.vmt"
"left4dead2\materials\vgui\achievements\ach_gnome_rescue.vtf"
"left4dead2\materials\vgui\achievements\ach_honk_a_clowns_nose.vmt"
"left4dead2\materials\vgui\achievements\ach_honk_a_clowns_nose.vtf"
"left4dead2\materials\vgui\achievements\ach_ignite_infected_fire_ammo.vmt"
"left4dead2\materials\vgui\achievements\ach_ignite_infected_fire_ammo.vtf"
"left4dead2\materials\vgui\achievements\ach_impound_lot_no_alarms.vmt"
"left4dead2\materials\vgui\achievements\ach_impound_lot_no_alarms.vtf"
"left4dead2\materials\vgui\achievements\ach_incendiary_clown_posse.vmt"
"left4dead2\materials\vgui\achievements\ach_incendiary_clown_posse.vtf"
"left4dead2\materials\vgui\achievements\ach_kill_every_uncommon_infected.vmt"
"left4dead2\materials\vgui\achievements\ach_kill_every_uncommon_infected.vtf"
"left4dead2\materials\vgui\achievements\ach_kill_infected_with_chainsaw.vmt"
"left4dead2\materials\vgui\achievements\ach_kill_infected_with_chainsaw.vtf"
"left4dead2\materials\vgui\achievements\ach_kill_spitter_fast.vmt"
"left4dead2\materials\vgui\achievements\ach_kill_spitter_fast.vtf"
"left4dead2\materials\vgui\achievements\ach_kill_submerged_mudmen.vmt"
"left4dead2\materials\vgui\achievements\ach_kill_submerged_mudmen.vtf"
"left4dead2\materials\vgui\achievements\ach_kill_tank_melee_only.vmt"
"left4dead2\materials\vgui\achievements\ach_kill_tank_melee_only.vtf"
"left4dead2\materials\vgui\achievements\ach_kill_with_every_melee.vmt"
"left4dead2\materials\vgui\achievements\ach_kill_with_every_melee.vtf"
"left4dead2\materials\vgui\achievements\ach_kill_zombies_grenade_blast.vmt"
"left4dead2\materials\vgui\achievements\ach_kill_zombies_grenade_blast.vtf"
"left4dead2\materials\vgui\achievements\ach_melee_a_charger.vmt"
"left4dead2\materials\vgui\achievements\ach_melee_a_charger.vtf"
"left4dead2\materials\vgui\achievements\ach_res_survivors_with_defib.vmt"
"left4dead2\materials\vgui\achievements\ach_res_survivors_with_defib.vtf"
"left4dead2\materials\vgui\achievements\ach_save_player_from_jockey_fast.vmt"
"left4dead2\materials\vgui\achievements\ach_save_player_from_jockey_fast.vtf"
"left4dead2\materials\vgui\achievements\ach_scavenge_can_drop_grind.vmt"
"left4dead2\materials\vgui\achievements\ach_scavenge_can_drop_grind.vtf"
"left4dead2\materials\vgui\achievements\ach_scavenge_collect_all_cans.vmt"
"left4dead2\materials\vgui\achievements\ach_scavenge_collect_all_cans.vtf"
"left4dead2\materials\vgui\achievements\ach_scavenge_collect_can_grind.vmt"
"left4dead2\materials\vgui\achievements\ach_scavenge_collect_can_grind.vtf"
"left4dead2\materials\vgui\achievements\ach_scavenge_make_survivor_drop_can.vmt"
"left4dead2\materials\vgui\achievements\ach_scavenge_make_survivor_drop_can.vtf"
"left4dead2\materials\vgui\achievements\ach_scavenge_shut_out.vmt"
"left4dead2\materials\vgui\achievements\ach_scavenge_shut_out.vtf"
"left4dead2\materials\vgui\achievements\ach_scavenge_win_a_game.vmt"
"left4dead2\materials\vgui\achievements\ach_scavenge_win_a_game.vtf"
"left4dead2\materials\vgui\achievements\ach_speed_revive_with_adrenaline.vmt"
"left4dead2\materials\vgui\achievements\ach_speed_revive_with_adrenaline.vtf"
"left4dead2\materials\vgui\achievements\ach_stash_whacker.vmt"
"left4dead2\materials\vgui\achievements\ach_stash_whacker.vtf"
"left4dead2\materials\vgui\achievements\ach_strongman_game.vmt"
"left4dead2\materials\vgui\achievements\ach_strongman_game.vtf"
"left4dead2\materials\vgui\achievements\ach_survival_get_medal_melee_only.vmt"
"left4dead2\materials\vgui\achievements\ach_survival_get_medal_melee_only.vtf"
"left4dead2\materials\vgui\achievements\ach_survive_bridge.vmt"
"left4dead2\materials\vgui\achievements\ach_survive_bridge.vtf"
"left4dead2\materials\vgui\achievements\ach_survive_expert_realism.vmt"
"left4dead2\materials\vgui\achievements\ach_survive_expert_realism.vtf"
"left4dead2\materials\vgui\achievements\ach_survive_mall.vmt"
"left4dead2\materials\vgui\achievements\ach_survive_mall.vtf"
"left4dead2\materials\vgui\achievements\ach_survive_road.vmt"
"left4dead2\materials\vgui\achievements\ach_survive_road.vtf"
"left4dead2\materials\vgui\achievements\ach_survive_swamp.vmt"
"left4dead2\materials\vgui\achievements\ach_survive_swamp.vtf"
"left4dead2\materials\vgui\achievements\ach_survive_town.vmt"
"left4dead2\materials\vgui\achievements\ach_survive_town.vtf"
"left4dead2\materials\vgui\achievements\ach_vs_bowl_enemy_team.vmt"
"left4dead2\materials\vgui\achievements\ach_vs_bowl_enemy_team.vtf"
"left4dead2\materials\vgui\achievements\ach_vs_charger_ground_smash.vmt"
"left4dead2\materials\vgui\achievements\ach_vs_charger_ground_smash.vtf"
"left4dead2\materials\vgui\achievements\ach_vs_charger_long_carry.vmt"
"left4dead2\materials\vgui\achievements\ach_vs_charger_long_carry.vtf"
"left4dead2\materials\vgui\achievements\ach_vs_form_party_and_win_4v4.vmt"
"left4dead2\materials\vgui\achievements\ach_vs_form_party_and_win_4v4.vtf"
"left4dead2\materials\vgui\achievements\ach_vs_jockey_into_acid.vmt"
"left4dead2\materials\vgui\achievements\ach_vs_jockey_into_acid.vtf"
"left4dead2\materials\vgui\achievements\ach_vs_jockey_long_ride.vmt"
"left4dead2\materials\vgui\achievements\ach_vs_jockey_long_ride.vtf"
"left4dead2\materials\vgui\achievements\ach_vs_jockey_two_players.vmt"
"left4dead2\materials\vgui\achievements\ach_vs_jockey_two_players.vtf"
"left4dead2\materials\vgui\achievements\ach_vs_leave_safe_room_defib_teammate.vmt"
"left4dead2\materials\vgui\achievements\ach_vs_leave_safe_room_defib_teammate.vtf"
"left4dead2\materials\vgui\achievements\ach_vs_spit_on_enemy_team.vmt"
"left4dead2\materials\vgui\achievements\ach_vs_spit_on_enemy_team.vtf"
"left4dead2\materials\vgui\achievements\ach_vs_spit_on_smokered_player.vmt"
"left4dead2\materials\vgui\achievements\ach_vs_spit_on_smokered_player.vtf"
"left4dead2\materials\vgui\achievements\ach_witch_town_no_witch_kills.vmt"
"left4dead2\materials\vgui\achievements\ach_witch_town_no_witch_kills.vtf"
"left4dead2\materials\vgui\arrow_left.vmt"
"left4dead2\materials\vgui\arrow_left.vtf"
"left4dead2\materials\vgui\arrow_right.vmt"
"left4dead2\materials\vgui\arrow_right.vtf"
"left4dead2\materials\vgui\black.vtf"
"left4dead2\materials\vgui\campaignframe.vmt"
"left4dead2\materials\vgui\campaignframe.vtf"
"left4dead2\materials\vgui\checkpointclock.vmt"
"left4dead2\materials\vgui\checkpointclock.vtf"
"left4dead2\materials\vgui\checkpointheroes.vmt"
"left4dead2\materials\vgui\checkpointheroes.vtf"
"left4dead2\materials\vgui\common\l4d_spinner.vmt"
"left4dead2\materials\vgui\damageindicator.vmt"
"left4dead2\materials\vgui\fonts\buttons_32.vbf"
"left4dead2\materials\vgui\fonts\buttons_32.vtf"
"left4dead2\materials\vgui\ghost_title_bg.vtf"
"left4dead2\materials\vgui\groupoutline.vmt"
"left4dead2\materials\vgui\groupoutline.vtf"
"left4dead2\materials\vgui\healthbar_grey.vmt"
"left4dead2\materials\vgui\healthbar_grey.vtf"
"left4dead2\materials\vgui\healthbar_white.vmt"
"left4dead2\materials\vgui\healthbar_white.vtf"
"left4dead2\materials\vgui\hud\800corner1.vmt"
"left4dead2\materials\vgui\hud\800corner1.vtf"
"left4dead2\materials\vgui\hud\800corner2.vmt"
"left4dead2\materials\vgui\hud\800corner2.vtf"
"left4dead2\materials\vgui\hud\800corner3.vmt"
"left4dead2\materials\vgui\hud\800corner3.vtf"
"left4dead2\materials\vgui\hud\800corner4.vmt"
"left4dead2\materials\vgui\hud\800corner4.vtf"
"left4dead2\materials\vgui\hud\crouch_survivor.vmt"
"left4dead2\materials\vgui\hud\crouch_survivor.vtf"
"left4dead2\materials\vgui\hud\ghostzombieteamimages.vmt"
"left4dead2\materials\vgui\hud\healthbar_bg_1.vmt"
"left4dead2\materials\vgui\hud\healthbar_bg_1.vtf"
"left4dead2\materials\vgui\hud\healthbar_bg_2.vmt"
"left4dead2\materials\vgui\hud\healthbar_bg_2.vtf"
"left4dead2\materials\vgui\hud\healthbar_bg_3.vmt"
"left4dead2\materials\vgui\hud\healthbar_bg_3.vtf"
"left4dead2\materials\vgui\hud\healthbar_bg_player.vmt"
"left4dead2\materials\vgui\hud\healthbar_bg_player.vtf"
"left4dead2\materials\vgui\hud\healthbar_ticks_withglow_green.vmt"
"left4dead2\materials\vgui\hud\healthbar_ticks_withglow_green.vtf"
"left4dead2\materials\vgui\hud\healthbar_ticks_withglow_orange.vmt"
"left4dead2\materials\vgui\hud\healthbar_ticks_withglow_orange.vtf"
"left4dead2\materials\vgui\hud\healthbar_ticks_withglow_red.vmt"
"left4dead2\materials\vgui\hud\healthbar_ticks_withglow_red.vtf"
"left4dead2\materials\vgui\hud\healthbar_ticks_withglow_white.vmt"
"left4dead2\materials\vgui\hud\healthbar_ticks_withglow_white.vtf"
"left4dead2\materials\vgui\hud\healthbar_withglow_green.vmt"
"left4dead2\materials\vgui\hud\healthbar_withglow_green.vtf"
"left4dead2\materials\vgui\hud\healthbar_withglow_orange.vmt"
"left4dead2\materials\vgui\hud\healthbar_withglow_orange.vtf"
"left4dead2\materials\vgui\hud\healthbar_withglow_red.vmt"
"left4dead2\materials\vgui\hud\healthbar_withglow_red.vtf"
"left4dead2\materials\vgui\hud\healthbar_withglow_white.vmt"
"left4dead2\materials\vgui\hud\healthbar_withglow_white.vtf"
"left4dead2\materials\vgui\hud\icon_commentary.vmt"
"left4dead2\materials\vgui\hud\icon_commentary.vtf"
"left4dead2\materials\vgui\hud\iconsheet.vmt"
"left4dead2\materials\vgui\hud\iconsheet.vtf"
"left4dead2\materials\vgui\hud\iconsheet2.vmt"
"left4dead2\materials\vgui\hud\iconsheet2.vtf"
"left4dead2\materials\vgui\hud\iconsheet3.vmt"
"left4dead2\materials\vgui\hud\iconsheet3.vtf"
"left4dead2\materials\vgui\hud\infected_healthbar_bg_1.vmt"
"left4dead2\materials\vgui\hud\infected_healthbar_bg_1.vtf"
"left4dead2\materials\vgui\hud\overlay_dead.vmt"
"left4dead2\materials\vgui\hud\overlay_dead.vtf"
"left4dead2\materials\vgui\hud\progressbar_bg.vmt"
"left4dead2\materials\vgui\hud\progressbar_bg.vtf"
"left4dead2\materials\vgui\hud\progressbar_fill.vmt"
"left4dead2\materials\vgui\hud\progressbar_fill.vtf"
"left4dead2\materials\vgui\hud\pz_charge_crosshair.vmt"
"left4dead2\materials\vgui\hud\pz_charge_crosshair.vtf"
"left4dead2\materials\vgui\hud\pz_charge_meter.vmt"
"left4dead2\materials\vgui\hud\pz_charge_meter.vtf"
"left4dead2\materials\vgui\hud\pz_charge_meter_motion.vtf"
"left4dead2\materials\vgui\hud\s_equip_bg_active.vmt"
"left4dead2\materials\vgui\hud\s_equip_bg_active.vtf"
"left4dead2\materials\vgui\hud\s_equip_bg_inactive.vmt"
"left4dead2\materials\vgui\hud\s_equip_bg_inactive.vtf"
"left4dead2\materials\vgui\hud\s_healthbar_outline.vmt"
"left4dead2\materials\vgui\hud\s_healthbar_outline.vtf"
"left4dead2\materials\vgui\hud\scalablepanel_bgblack.vtf"
"left4dead2\materials\vgui\hud\scalablepanel_bgblack50_outlinegrey.vtf"
"left4dead2\materials\vgui\hud\scalablepanel_bgblack_outlinegrey_sm.vmt"
"left4dead2\materials\vgui\hud\scalablepanel_bgblack_outlinegrey_sm.vtf"
"left4dead2\materials\vgui\hud\scalablepanel_bgblack_outlinered.vtf"
"left4dead2\materials\vgui\hud\scalablepanel_bgmidgrey.vmt"
"left4dead2\materials\vgui\hud\scalablepanel_bgmidgrey.vtf"
"left4dead2\materials\vgui\hud\scalablepanel_bgmidgrey_glow.vmt"
"left4dead2\materials\vgui\hud\scalablepanel_bgmidgrey_glow.vtf"
"left4dead2\materials\vgui\hud\scalablepanel_bgmidgrey_outlinegreen_glow.vmt"
"left4dead2\materials\vgui\hud\scalablepanel_bgmidgrey_outlinegreen_glow.vtf"
"left4dead2\materials\vgui\hud\scalablepanel_bgmidgrey_outlinegrey.vmt"
"left4dead2\materials\vgui\hud\scalablepanel_bgmidgrey_outlinegrey.vtf"
"left4dead2\materials\vgui\hud\scope_normal_ul.vtf"
"left4dead2\materials\vgui\hud\scope_sniper_ll.vmt"
"left4dead2\materials\vgui\hud\scope_sniper_lr.vmt"
"left4dead2\materials\vgui\hud\scope_sniper_ul.vmt"
"left4dead2\materials\vgui\hud\scope_sniper_ul.vtf"
"left4dead2\materials\vgui\hud\scope_sniper_ur.vmt"
"left4dead2\materials\vgui\hud\splatter1.vtf"
"left4dead2\materials\vgui\hud\splatter2.vtf"
"left4dead2\materials\vgui\hud\splatter3.vtf"
"left4dead2\materials\vgui\hud\splatter_corner_upper_right.vtf"
"left4dead2\materials\vgui\hud\splatter_horizontal_bottom.vtf"
"left4dead2\materials\vgui\hud\splatter_vertical_right.vtf"
"left4dead2\materials\vgui\hud\survival_medal_bronze.vmt"
"left4dead2\materials\vgui\hud\survival_medal_bronze.vtf"
"left4dead2\materials\vgui\hud\survival_medal_gold.vmt"
"left4dead2\materials\vgui\hud\survival_medal_gold.vtf"
"left4dead2\materials\vgui\hud\survival_medal_silver.vmt"
"left4dead2\materials\vgui\hud\survival_medal_silver.vtf"
"left4dead2\materials\vgui\hud\survivaltimerbackground.vmt"
"left4dead2\materials\vgui\hud\survivaltimerbackground.vtf"
"left4dead2\materials\vgui\hud\survivaltimerclock.vmt"
"left4dead2\materials\vgui\hud\survivaltimerclock.vtf"
"left4dead2\materials\vgui\hud\survivaltimerclockface.vmt"
"left4dead2\materials\vgui\hud\survivaltimerclockface.vtf"
"left4dead2\materials\vgui\hud\vote_no.vmt"
"left4dead2\materials\vgui\hud\vote_no.vtf"
"left4dead2\materials\vgui\hud\vote_yes.vmt"
"left4dead2\materials\vgui\hud\vote_yes.vtf"
"left4dead2\materials\vgui\hud\zombieteamimage_hunter.vmt"
"left4dead2\materials\vgui\hud\zombieteamimage_hunter.vtf"
"left4dead2\materials\vgui\hud\zombieteamimages.vmt"
"left4dead2\materials\vgui\hud\zombieteamimages.vtf"
"left4dead2\materials\vgui\icon_arrow.vmt"
"left4dead2\materials\vgui\icon_arrow.vtf"
"left4dead2\materials\vgui\icon_arrow_down.vmt"
"left4dead2\materials\vgui\icon_arrow_down.vtf"
"left4dead2\materials\vgui\icon_lan.vmt"
"left4dead2\materials\vgui\icon_lan.vtf"
"left4dead2\materials\vgui\left4dead2logo.vmt"
"left4dead2\materials\vgui\left4dead2logo.vtf"
"left4dead2\materials\vgui\loadingbar.vmt"
"left4dead2\materials\vgui\loadingbar.vtf"
"left4dead2\materials\vgui\loadingbar_bg.vmt"
"left4dead2\materials\vgui\loadingbar_bg.vtf"
"left4dead2\materials\vgui\loadingscreen_darkcarnival.vmt"
"left4dead2\materials\vgui\loadingscreen_darkcarnival.vtf"
"left4dead2\materials\vgui\maps\any.vmt"
"left4dead2\materials\vgui\maps\any.vtf"
"left4dead2\materials\vgui\maps\background03_exit.vmt"
"left4dead2\materials\vgui\maps\background03_exit.vtf"
"left4dead2\materials\vgui\menu_backgroud_bottom.vmt"
"left4dead2\materials\vgui\menu_backgroud_bottom.vtf"
"left4dead2\materials\vgui\menu_backgroud_top.vmt"
"left4dead2\materials\vgui\menu_backgroud_top.vtf"
"left4dead2\materials\vgui\menu_mode_border.vmt"
"left4dead2\materials\vgui\menu_mode_border.vtf"
"left4dead2\materials\vgui\menu_mode_campaign.vmt"
"left4dead2\materials\vgui\menu_mode_campaign.vtf"
"left4dead2\materials\vgui\menu_mode_realism.vmt"
"left4dead2\materials\vgui\menu_mode_realism.vtf"
"left4dead2\materials\vgui\menu_mode_scavenge.vmt"
"left4dead2\materials\vgui\menu_mode_scavenge.vtf"
"left4dead2\materials\vgui\menu_mode_singleplayer.vmt"
"left4dead2\materials\vgui\menu_mode_singleplayer.vtf"
"left4dead2\materials\vgui\menu_mode_survival.vmt"
"left4dead2\materials\vgui\menu_mode_survival.vtf"
"left4dead2\materials\vgui\menu_mode_versus.vmt"
"left4dead2\materials\vgui\menu_mode_versus.vtf"
"left4dead2\materials\vgui\pz_groupshot.vmt"
"left4dead2\materials\vgui\pz_groupshot.vtf"
"left4dead2\materials\vgui\ratingstars.vmt"
"left4dead2\materials\vgui\ratingstars.vtf"
"left4dead2\materials\vgui\resource\icon_cloud.vmt"
"left4dead2\materials\vgui\resource\icon_cloud.vtf"
"left4dead2\materials\vgui\s_panel_coach.vmt"
"left4dead2\materials\vgui\s_panel_coach.vtf"
"left4dead2\materials\vgui\s_panel_coach_incap.vtf"
"left4dead2\materials\vgui\s_panel_dead.vtf"
"left4dead2\materials\vgui\s_panel_gambler.vmt"
"left4dead2\materials\vgui\s_panel_gambler.vtf"
"left4dead2\materials\vgui\s_panel_gambler_incap.vtf"
"left4dead2\materials\vgui\s_panel_healing_mini_prog.vmt"
"left4dead2\materials\vgui\s_panel_healing_mini_prog.vtf"
"left4dead2\materials\vgui\s_panel_mechanic.vmt"
"left4dead2\materials\vgui\s_panel_mechanic.vtf"
"left4dead2\materials\vgui\s_panel_mechanic_incap.vtf"
"left4dead2\materials\vgui\s_panel_producer.vmt"
"left4dead2\materials\vgui\s_panel_producer.vtf"
"left4dead2\materials\vgui\s_panel_producer_incap.vtf"
"left4dead2\materials\vgui\scroll_box.vmt"
"left4dead2\materials\vgui\scroll_box.vtf"
"left4dead2\materials\vgui\scroll_down.vmt"
"left4dead2\materials\vgui\scroll_down.vtf"
"left4dead2\materials\vgui\scroll_line.vmt"
"left4dead2\materials\vgui\scroll_line.vtf"
"left4dead2\materials\vgui\scroll_up.vmt"
"left4dead2\materials\vgui\scroll_up.vtf"
"left4dead2\materials\vgui\select_pz.vmt"
"left4dead2\materials\vgui\select_pz.vtf"
"left4dead2\materials\vgui\select_survivors.vmt"
"left4dead2\materials\vgui\select_survivors.vtf"
"left4dead2\materials\vgui\servers\icon_bots.vmt"
"left4dead2\materials\vgui\servers\icon_bots.vtf"
"left4dead2\materials\vgui\servers\icon_bots_column.vmt"
"left4dead2\materials\vgui\servers\icon_bots_column.vtf"
"left4dead2\materials\vgui\servers\icon_password.vmt"
"left4dead2\materials\vgui\servers\icon_password.vtf"
"left4dead2\materials\vgui\servers\icon_password_column.vmt"
"left4dead2\materials\vgui\servers\icon_password_column.vtf"
"left4dead2\materials\vgui\servers\icon_robotron.vmt"
"left4dead2\materials\vgui\servers\icon_robotron_column.vmt"
"left4dead2\materials\vgui\servers\icon_robotron_column.vtf"
"left4dead2\materials\vgui\servers\icon_secure_deny.vmt"
"left4dead2\materials\vgui\servers\icon_secure_deny.vtf"
"left4dead2\materials\vgui\tipgraphic.vmt"
"left4dead2\materials\vgui\tipgraphic.vtf"
"left4dead2\materials\vgui\white.vmt"
"left4dead2\materials\vgui\white_additive.vmt"
"left4dead2\materials\voice\icntlk_pl.vmt"
"left4dead2\media\l4d2_background03.bik"
"left4dead2\missions\campaign1.txt"
"left4dead2\missions\campaign2.txt"
"left4dead2\missions\campaign3.txt"
"left4dead2\missions\campaign4.txt"
"left4dead2\missions\campaign5.txt"
"left4dead2\missions\credits.txt"
"left4dead2\models\c2m5_helicopter_extraction"
"left4dead2\models\extras"
"left4dead2\models\gibs"
"left4dead2\models\infected"
"left4dead2\models\infected\limbs"
"left4dead2\models\props\cs_assault"
"left4dead2\models\props\terror"
"left4dead2\models\props_debris"
"left4dead2\models\props_doors"
"left4dead2\models\props_downtown"
"left4dead2\models\props_fairgrounds"
"left4dead2\models\props_foliage"
"left4dead2\models\props_junk"
"left4dead2\models\props_street"
"left4dead2\models\props_urban"
"left4dead2\models\survivors"
"left4dead2\models\v_models"
"left4dead2\models\v_models\weapons"
"left4dead2\models\w_models\weapons"
"left4dead2\models\weapons\arms"
"left4dead2\models\weapons\melee"
"left4dead2\modelsounds.cache"
"left4dead2\particles\blood_fx.pcf"
"left4dead2\particles\boomer_fx.pcf"
"left4dead2\particles\burning_fx.pcf"
"left4dead2\particles\charger_fx.pcf"
"left4dead2\particles\electrical_fx.pcf"
"left4dead2\particles\environmental_fx.pcf"
"left4dead2\particles\error.pcf"
"left4dead2\particles\fire_01.pcf"
"left4dead2\particles\fire_01l4d.pcf"
"left4dead2\particles\firework_crate_fx.pcf"
"left4dead2\particles\fireworks_fx.pcf"
"left4dead2\particles\footstep_fx.pcf"
"left4dead2\particles\gen_dest_fx.pcf"
"left4dead2\particles\hunter_fx.pcf"
"left4dead2\particles\impact_fx.pcf"
"left4dead2\particles\infected_fx.pcf"
"left4dead2\particles\insect_fx.pcf"
"left4dead2\particles\item_fx.pcf"
"left4dead2\particles\locator_fx.pcf"
"left4dead2\particles\military_artillery_impacts.pcf"
"left4dead2\particles\particles_manifest.txt"
"left4dead2\particles\rain_fx.pcf"
"left4dead2\particles\rain_storm_fx.pcf"
"left4dead2\particles\rope_fx.pcf"
"left4dead2\particles\screen_fx.pcf"
"left4dead2\particles\smoker_fx.pcf"
"left4dead2\particles\speechbubbles.pcf"
"left4dead2\particles\spitter_fx.pcf"
"left4dead2\particles\steam_fx.pcf"
"left4dead2\particles\steamworks.pcf"
"left4dead2\particles\survivor_fx.pcf"
"left4dead2\particles\tank_fx.pcf"
"left4dead2\particles\tanker_explosion.pcf"
"left4dead2\particles\vehicle_fx.pcf"
"left4dead2\particles\water_fx.pcf"
"left4dead2\particles\weapon_fx.pcf"
"left4dead2\particles\witch_fx.pcf"
"left4dead2\perforce.inf"
"left4dead2\reslists_temp\dx90\all.lst"
"left4dead2\reslists_temp\dx90\engine.lst"
"left4dead2\reslists_temp\dx95hdr\all.lst"
"left4dead2\reslists_temp\dx95hdr\engine.lst"
"left4dead2\reslists_temp\dx95ldr\all.lst"
"left4dead2\reslists_temp\dx95ldr\engine.lst"
"left4dead2\resource\askconnectpanel.res"
"left4dead2\resource\buguipanel_filequeue.res"
"left4dead2\resource\chat_english.txt"
"left4dead2\resource\chatscheme.res"
"left4dead2\resource\clientscheme.res"
"left4dead2\resource\closecaption_english.dat"
"left4dead2\resource\closecaption_english.txt"
"left4dead2\resource\demouipanel.res"
"left4dead2\resource\demouipanel2.res"
"left4dead2\resource\foguipanel.res"
"left4dead2\resource\futurot.vfont"
"left4dead2\resource\gameevents.res"
"left4dead2\resource\gameui_english.txt"
"left4dead2\resource\halflife2.vfont"
"left4dead2\resource\hl2ep2.vfont"
"left4dead2\resource\hltvevents.res"
"left4dead2\resource\l4d360ui_english.txt"
"left4dead2\resource\l4d360uischeme.res"
"left4dead2\resource\left4dead2_english.txt"
"left4dead2\resource\perfocclusionuipanel.res"
"left4dead2\resource\perfpropfadeuipanel.res"
"left4dead2\resource\perfuipanel.res"
"left4dead2\resource\serverevents.res"
"left4dead2\resource\sourcescheme.res"
"left4dead2\resource\stubble-bold.vfont"
"left4dead2\resource\subtitles_english.dat"
"left4dead2\resource\tg.vfont"
"left4dead2\resource\tgb.vfont"
"left4dead2\resource\toolbox.vfont"
"left4dead2\resource\txviewpanel.res"
"left4dead2\resource\ui\basechat.res"
"left4dead2\resource\ui\chatfilters.res"
"left4dead2\resource\ui\fullscreenscavengemodescoreboard.res"
"left4dead2\resource\ui\fullscreensurvivalmodescoreboard.res"
"left4dead2\resource\ui\fullscreenversusmoderesults.res"
"left4dead2\resource\ui\fullscreenversusmodescoreboard.res"
"left4dead2\resource\ui\hud\abilitytimerhud.res"
"left4dead2\resource\ui\hud\finalemeter.res"
"left4dead2\resource\ui\hud\frustrationmeter.res"
"left4dead2\resource\ui\hud\hudscavengeprogress.res"
"left4dead2\resource\ui\hud\hudscavengetimer.res"
"left4dead2\resource\ui\hud\hudsurvivaltimer.res"
"left4dead2\resource\ui\hud\infectedvoip.res"
"left4dead2\resource\ui\hud\itempickup.res"
"left4dead2\resource\ui\hud\localplayerdisplay.res"
"left4dead2\resource\ui\hud\localplayerpanel.res"
"left4dead2\resource\ui\hud\localplayerpanel_incap.res"
"left4dead2\resource\ui\hud\progressbar.res"
"left4dead2\resource\ui\hud\pzdamagerecordpanel.res"
"left4dead2\resource\ui\hud\targetid.res"
"left4dead2\resource\ui\hud\teamdisplayhud.res"
"left4dead2\resource\ui\hud\teammatepanel.res"
"left4dead2\resource\ui\hud\teammatepanel_incap.res"
"left4dead2\resource\ui\hud\votehud.res"
"left4dead2\resource\ui\hud\zombieteamdisplayplayer.res"
"left4dead2\resource\ui\hudghostpanel.res"
"left4dead2\resource\ui\l4d360ui\campaignflyout.res"
"left4dead2\resource\ui\l4d360ui\extrasflyout.res"
"left4dead2\resource\ui\l4d360ui\extrasflyoutlive.res"
"left4dead2\resource\ui\l4d360ui\footerpanel.res"
"left4dead2\resource\ui\l4d360ui\loadingposterdefault.res"
"left4dead2\resource\ui\l4d360ui\loadingprogress.res"
"left4dead2\resource\ui\l4d360ui\mainmenu.res"
"left4dead2\resource\ui\l4d360ui\optionsflyout.res"
"left4dead2\resource\ui\l4d360ui\optionsguestflyout.res"
"left4dead2\resource\ui\l4d360ui\quickjoin.res"
"left4dead2\resource\ui\l4d360ui\quickjoingroups.res"
"left4dead2\resource\ui\l4d360ui\quickjoinpanelitem.res"
"left4dead2\resource\ui\l4d360ui\realismflyout.res"
"left4dead2\resource\ui\l4d360ui\scavengeflyout.res"
"left4dead2\resource\ui\l4d360ui\survivalflyout.res"
"left4dead2\resource\ui\l4d360ui\versusflyout.res"
"left4dead2\resource\ui\leavingareawarning.res"
"left4dead2\resource\ui\navprogress.res"
"left4dead2\resource\ui\pzendgamepanel.res"
"left4dead2\resource\ui\radialmenu.res"
"left4dead2\resource\ui\readycountdown.res"
"left4dead2\resource\ui\scavengemodeembeddedscoreboard.res"
"left4dead2\resource\ui\scavengemodescoreboard.res"
"left4dead2\resource\ui\scavengeroundpanel.res"
"left4dead2\resource\ui\scavengetiebreakerpanel.res"
"left4dead2\resource\ui\scoreboard.res"
"left4dead2\resource\ui\scoreboardinfectedplayer.res"
"left4dead2\resource\ui\scoreboardsurvivor.res"
"left4dead2\resource\ui\spawnboomermenu.res"
"left4dead2\resource\ui\spawnchargermenu.res"
"left4dead2\resource\ui\spawnhuntermenu.res"
"left4dead2\resource\ui\spawnjockeymenu.res"
"left4dead2\resource\ui\spawnmodemenu.res"
"left4dead2\resource\ui\spawnsmokermenu.res"
"left4dead2\resource\ui\spawnspittermenu.res"
"left4dead2\resource\ui\spectator.res"
"left4dead2\resource\ui\survivalmodeshutdown.res"
"left4dead2\resource\ui\takeoversurvivorbar.res"
"left4dead2\resource\ui\teammenu.res"
"left4dead2\resource\ui\textwindow.res"
"left4dead2\resource\ui\thirdpartyserverpanel.res"
"left4dead2\resource\ui\tippanel.res"
"left4dead2\resource\ui\transitionstatssurvivor.res"
"left4dead2\resource\ui\transitionstatssurvivorhighlight.res"
"left4dead2\resource\ui\versusmodeembeddedscoreboard.res"
"left4dead2\resource\ui\versusmoderesults.res"
"left4dead2\resource\ui\versusmodescoreboard.res"
"left4dead2\resource\ui\versusmodescoreboard_infected.res"
"left4dead2\resource\ui\versusmodescoreboard_survivor.res"
"left4dead2\resource\ui\vsmodeshutdown.res"
"left4dead2\resource\ui\zombieintropanel.res"
"left4dead2\resource\ui\zombiepanel.res"
"left4dead2\resource\valve_english.txt"
"left4dead2\resource\vprofpanel.res"
"left4dead2\save\game_instructor_counts.txt"
"left4dead2\scripts\cheatcodes.txt"
"left4dead2\scripts\decals_subrect.txt"
"left4dead2\scripts\dsp_presets.txt"
"left4dead2\scripts\enginevguilayout.res"
"left4dead2\scripts\game_sounds.txt"
"left4dead2\scripts\game_sounds_ambient_generic.txt"
"left4dead2\scripts\game_sounds_arenaheli.txt"
"left4dead2\scripts\game_sounds_bots.txt"
"left4dead2\scripts\game_sounds_coach.txt"
"left4dead2\scripts\game_sounds_doors.txt"
"left4dead2\scripts\game_sounds_gambler.txt"
"left4dead2\scripts\game_sounds_infected_common.txt"
"left4dead2\scripts\game_sounds_infected_special.txt"
"left4dead2\scripts\game_sounds_mechanic.txt"
"left4dead2\scripts\game_sounds_melee_vo.txt"
"left4dead2\scripts\game_sounds_moustachio.txt"
"left4dead2\scripts\game_sounds_music.txt"
"left4dead2\scripts\game_sounds_namvet.txt"
"left4dead2\scripts\game_sounds_npcs.txt"
"left4dead2\scripts\game_sounds_physics.txt"
"left4dead2\scripts\game_sounds_player.txt"
"left4dead2\scripts\game_sounds_producer.txt"
"left4dead2\scripts\game_sounds_soldier1.txt"
"left4dead2\scripts\game_sounds_soldier2.txt"
"left4dead2\scripts\game_sounds_terror.txt"
"left4dead2\scripts\game_sounds_virgil.txt"
"left4dead2\scripts\game_sounds_weapons.txt"
"left4dead2\scripts\game_sounds_whitaker.txt"
"left4dead2\scripts\game_sounds_world.txt"
"left4dead2\scripts\hud_textures.txt"
"left4dead2\scripts\hudanimations.txt"
"left4dead2\scripts\hudlayout.res"
"left4dead2\scripts\level_sounds_general.txt"
"left4dead2\scripts\mod_cheatcodes.txt"
"left4dead2\scripts\mod_textures.txt"
"left4dead2\scripts\plugin_animations.txt"
"left4dead2\scripts\postprocess.txt"
"left4dead2\scripts\radialmenu.txt"
"left4dead2\scripts\sentences.txt"
"left4dead2\scripts\sound_prefetch.txt"
"left4dead2\scripts\soundmixers.txt"
"left4dead2\scripts\soundscapes_airport.txt"
"left4dead2\scripts\soundscapes_campaign1.txt"
"left4dead2\scripts\soundscapes_campaign2.txt"
"left4dead2\scripts\soundscapes_campaign3.txt"
"left4dead2\scripts\soundscapes_campaign4.txt"
"left4dead2\scripts\soundscapes_campaign5.txt"
"left4dead2\scripts\soundscapes_farm.txt"
"left4dead2\scripts\soundscapes_hospital.txt"
"left4dead2\scripts\soundscapes_lighthouse.txt"
"left4dead2\scripts\soundscapes_rural.txt"
"left4dead2\scripts\soundscapes_rural2.txt"
"left4dead2\scripts\soundscapes_smalltown.txt"
"left4dead2\scripts\soundscapes_swamps.txt"
"left4dead2\scripts\soundscapes_urban.txt"
"left4dead2\scripts\soundscapes_urban2.txt"
"left4dead2\scripts\surfaceproperties_left4dead.txt"
"left4dead2\scripts\surfaceproperties_manifest.txt"
"left4dead2\scripts\talker\response_rules.txt"
"left4dead2\scripts\tips.txt"
"left4dead2\scripts\titles.txt"
"left4dead2\scripts\vgui_screens.txt"
"left4dead2\sound\music\l4d2\l4d2_c3_pc.mp3"
"left4dead2\splitscreen_config.txt"
"left4dead2\steam.inf"
"left4dead2\voice_ban.dt"
"left4dead2_dlc1\gameinfo.txt"
"left4dead2_dlc1\maps\soundcache\_master.cache"
"left4dead2_dlc1\models\extras"
"left4dead2_dlc1\models\infected"
"left4dead2_dlc1\models\props\cs_assault"
"left4dead2_dlc1\models\props_debris"
"left4dead2_dlc1\models\props_doors"
"left4dead2_dlc1\models\props_foliage"
"left4dead2_dlc1\models\props_junk"
"left4dead2_dlc1\models\props_street"
"left4dead2_dlc1\models\props_urban"
"left4dead2_dlc1\models\survivors"
"left4dead2_dlc1\models\v_models"
"left4dead2_dlc1\models\w_models\weapons"
"left4dead2_dlc1\scenes\scenes.image"
"left4dead2_dlc1\scripts\game_sounds_biker.txt"
"left4dead2_dlc1\scripts\game_sounds_manager.txt"
"left4dead2_dlc1\scripts\game_sounds_manifest.txt"
"left4dead2_dlc1\scripts\game_sounds_music_dlc1.txt"
"left4dead2_dlc1\scripts\game_sounds_npc2.txt"
"left4dead2_dlc1\scripts\game_sounds_teengirl.txt"
"left4dead2_dlc1\scripts\game_sounds_weapons_dlc1.txt"
"left4dead2_dlc1\scripts\global_actors.txt"
"left4dead2_dlc1\scripts\population.txt"
"left4dead2_dlc1\scripts\soundscapes_campaign6.txt"
"left4dead2_dlc1\scripts\soundscapes_manifest.txt"
"platform\config\ingamedialogconfig.vdf"
"platform\config\serverbrowser.vdf"
"platform\materials\debug\additivevertexcolorvertexalpha.vmt"
"platform\materials\debug\debugmodelbones.vmt"
"platform\materials\debug\debugmrmnormals.vmt"
"platform\materials\debug\debugmrmwireframe.vmt"
"platform\materials\debug\debugmrmwireframezbuffer.vmt"
"platform\materials\debug\debugsolidmodelhulls.vmt"
"platform\materials\debug\debugtranslucentmodelhulls.vmt"
"platform\materials\debug\debugvertexcolor.vmt"
"platform\materials\debug\debugworldwireframe.vmt"
"platform\materials\debug\env_cubemap_model.vmt"
"platform\resource\platform_english.txt"
"platform\resource\vgui_english.txt"
"platform\servers\dialogserverbrowser.res"
"platform\servers\internetgamespage.res"
"platform\servers\regions.vdf"
"platform\servers\serverbrowser_english.txt"
"platform\steam\games\platformmenu.vdf"
"update\cfg\config.cfg"
"update\missions\campaign6.txt"
"update\resource\l4d360ui_tu_english.txt"
"update\resource\modevents.res"
"update\scripts\instructor_lessons.txt"
"update\serverconfig.vdf"
