"terror\bin\client.pdb"
"terror\bin\server.dll"
"terror\bin\server.pdb"
"terror\bin\server_i486.so"
"terror\credits.txt"
"terror\detail.vbsp"
"terror\lights.rad"
"terror\log.txt"
"terror\mapcycle.txt"
"terror\maps\soundcache\cs_assault.cache"
"terror\maps\soundcache\cs_compound.cache"
"terror\maps\soundcache\cs_havana.cache"
"terror\maps\soundcache\cs_italy.cache"
"terror\maps\soundcache\cs_militia.cache"
"terror\maps\soundcache\cs_office.cache"
"terror\maps\soundcache\de_aztec.cache"
"terror\maps\soundcache\de_cbble.cache"
"terror\maps\soundcache\de_chateau.cache"
"terror\maps\soundcache\de_dust.cache"
"terror\maps\soundcache\de_dust2.cache"
"terror\maps\soundcache\de_inferno.cache"
"terror\maps\soundcache\de_nuke.cache"
"terror\maps\soundcache\de_piranesi.cache"
"terror\maps\soundcache\de_port.cache"
"terror\maps\soundcache\de_prodigy.cache"
"terror\maps\soundcache\de_tides.cache"
"terror\maps\soundcache\de_train.cache"
"terror\maps\soundcache\hospital_1.cache"
"terror\maps\soundcache\hospital_2.cache"
"terror\maps\soundcache\hospital_3.cache"
"terror\maps\soundcache\hospital_4.cache"
"terror\maps\soundcache\test_hardware.cache"
"terror\maps\soundcache\test_speakers.cache"
"terror\maps\soundcache\_other_rebuild.cache"
"terror\materials\console\background01_widescreen.vmt"
"terror\materials\console\background01_widescreen.vtf"
"terror\materials\console\intro.vmt"
"terror\materials\console\intro.vtf"
"terror\materials\console\intro_widescreen.vmt"
"terror\materials\console\intro_widescreen.vtf"
"terror\materials\decals\arrowlf.vmt"
"terror\materials\decals\arrowlf.vtf"
"terror\materials\decals\arrowrt.vmt"
"terror\materials\decals\arrowrt.vtf"
"terror\materials\decals\arrowuplf.vmt"
"terror\materials\decals\arrowuplf.vtf"
"terror\materials\decals\arrowuprt.vmt"
"terror\materials\decals\arrowuprt.vtf"
"terror\materials\decals\arrow_left.vmt"
"terror\materials\decals\arrow_left.vtf"
"terror\materials\decals\arrow_right.vmt"
"terror\materials\decals\arrow_right.vtf"
"terror\materials\decals\decalgraffiti002a.vmt"
"terror\materials\decals\decalgraffiti002a.vtf"
"terror\materials\decals\decalgraffiti013a.vmt"
"terror\materials\decals\decalgraffiti013a.vtf"
"terror\materials\decals\decalgraffiti014a.vmt"
"terror\materials\decals\decalgraffiti014a.vtf"
"terror\materials\decals\decalgraffiti019a.vmt"
"terror\materials\decals\decalgraffiti019a.vtf"
"terror\materials\decals\decalgraffiti029a.vmt"
"terror\materials\decals\decalgraffiti029a.vtf"
"terror\materials\decals\decalgraffiti030a.vmt"
"terror\materials\decals\decalgraffiti030a.vtf"
"terror\materials\decals\decalgraffiti032a.vmt"
"terror\materials\decals\decalgraffiti032a.vtf"
"terror\materials\decals\decalgraffiti033a.vmt"
"terror\materials\decals\decalgraffiti033a.vtf"
"terror\materials\decals\decalgraffiti034a.vmt"
"terror\materials\decals\decalgraffiti034a.vtf"
"terror\materials\decals\decalgraffiti035a.vmt"
"terror\materials\decals\decalgraffiti035a.vtf"
"terror\materials\decals\decalgraffiti039a.vmt"
"terror\materials\decals\decalgraffiti039a.vtf"
"terror\materials\decals\decalgraffiti041a.vmt"
"terror\materials\decals\decalgraffiti041a.vtf"
"terror\materials\decals\decalgraffiti045a.vmt"
"terror\materials\decals\decalgraffiti045a.vtf"
"terror\materials\decals\decalgraffiti046a_cs.vmt"
"terror\materials\decals\decalgraffiti046a_cs.vtf"
"terror\materials\decals\decalgraffiti051a.vmt"
"terror\materials\decals\decalgraffiti051a.vtf"
"terror\materials\decals\decalgraffiti052a.vmt"
"terror\materials\decals\decalgraffiti052a.vtf"
"terror\materials\decals\decalgraffiti053a.vmt"
"terror\materials\decals\decalgraffiti053a.vtf"
"terror\materials\decals\decalgraffiti055a.vmt"
"terror\materials\decals\decalgraffiti055a.vtf"
"terror\materials\decals\decalgraffiti057a.vmt"
"terror\materials\decals\decalgraffiti057a.vtf"
"terror\materials\decals\decalgraffiti064a.vmt"
"terror\materials\decals\decalgraffiti064a.vtf"
"terror\materials\decals\decalgraffiti065a.vmt"
"terror\materials\decals\decalgraffiti065a.vtf"
"terror\materials\decals\decalmetalgrate007a.vmt"
"terror\materials\decals\decalmetalgrate007a.vtf"
"terror\materials\decals\decalmetalgrate011a.vmt"
"terror\materials\decals\decalmetalgrate011a.vtf"
"terror\materials\decals\decalmetalgrate012a.vmt"
"terror\materials\decals\decalmetalgrate012a.vtf"
"terror\materials\decals\decalmetalgrate025a.vmt"
"terror\materials\decals\decalmetalgrate025a.vtf"
"terror\materials\decals\decalmetalmanhole004a.vmt"
"terror\materials\decals\decalmetalmanhole004a.vtf"
"terror\materials\decals\decalpapers02.vmt"
"terror\materials\decals\decalpapers02.vtf"
"terror\materials\decals\decalpapers04.vmt"
"terror\materials\decals\decalpapers04.vtf"
"terror\materials\decals\decal_paintsplatter002.vmt"
"terror\materials\decals\decal_paintsplatter002.vtf"
"terror\materials\decals\de_trainwindowlighting.vmt"
"terror\materials\decals\de_trainwindowlighting.vtf"
"terror\materials\decals\diagram.vmt"
"terror\materials\decals\diagram.vtf"
"terror\materials\decals\dict1.vmt"
"terror\materials\decals\dict1.vtf"
"terror\materials\decals\door_brick01.vmt"
"terror\materials\decals\door_brick01.vtf"
"terror\materials\decals\door_metal01.vmt"
"terror\materials\decals\door_metal01.vtf"
"terror\materials\decals\door_metal02.vmt"
"terror\materials\decals\door_metal02.vtf"
"terror\materials\decals\door_metal03.vmt"
"terror\materials\decals\door_metal03.vtf"
"terror\materials\decals\door_metal04.vmt"
"terror\materials\decals\door_metal04.vtf"
"terror\materials\decals\door_metal05.vmt"
"terror\materials\decals\door_metal05.vtf"
"terror\materials\decals\door_metal06.vmt"
"terror\materials\decals\door_metal06.vtf"
"terror\materials\decals\door_metal07.vmt"
"terror\materials\decals\door_metal07.vtf"
"terror\materials\decals\door_metal08.vmt"
"terror\materials\decals\door_metal08.vtf"
"terror\materials\decals\door_metal09.vmt"
"terror\materials\decals\door_metal09.vtf"
"terror\materials\decals\door_metal10.vmt"
"terror\materials\decals\door_metal10.vtf"
"terror\materials\decals\door_metal11.vmt"
"terror\materials\decals\door_metal11.vtf"
"terror\materials\decals\door_metal12.vmt"
"terror\materials\decals\door_metal12.vtf"
"terror\materials\decals\door_metal13.vmt"
"terror\materials\decals\door_metal13.vtf"
"terror\materials\decals\door_metal14.vmt"
"terror\materials\decals\door_metal14.vtf"
"terror\materials\decals\door_metal15.vmt"
"terror\materials\decals\door_metal15.vtf"
"terror\materials\decals\door_metal16.vmt"
"terror\materials\decals\door_metal16.vtf"
"terror\materials\decals\door_metal17.vmt"
"terror\materials\decals\door_metal17.vtf"
"terror\materials\decals\door_metal18.vmt"
"terror\materials\decals\door_metal18.vtf"
"terror\materials\decals\door_metal19.vmt"
"terror\materials\decals\door_metal19.vtf"
"terror\materials\decals\door_metal20.vmt"
"terror\materials\decals\door_metal20.vtf"
"terror\materials\decals\door_metal21.vmt"
"terror\materials\decals\door_metal21.vtf"
"terror\materials\decals\door_wood01.vmt"
"terror\materials\decals\door_wood01.vtf"
"terror\materials\decals\door_wood02.vmt"
"terror\materials\decals\door_wood02.vtf"
"terror\materials\decals\door_wood03.vmt"
"terror\materials\decals\door_wood03.vtf"
"terror\materials\decals\door_wood04.vmt"
"terror\materials\decals\door_wood04.vtf"
"terror\materials\decals\door_wood05.vmt"
"terror\materials\decals\door_wood05.vtf"
"terror\materials\decals\door_wood06.vmt"
"terror\materials\decals\door_wood06.vtf"
"terror\materials\decals\door_wood07.vmt"
"terror\materials\decals\door_wood07.vtf"
"terror\materials\decals\door_wood08.vmt"
"terror\materials\decals\door_wood08.vtf"
"terror\materials\decals\door_wood09.vmt"
"terror\materials\decals\door_wood09.vtf"
"terror\materials\decals\door_wood10.vmt"
"terror\materials\decals\door_wood10.vtf"
"terror\materials\decals\door_wood11.vmt"
"terror\materials\decals\door_wood11.vtf"
"terror\materials\decals\door_wood12.vmt"
"terror\materials\decals\door_wood12.vtf"
"terror\materials\decals\door_wood13.vmt"
"terror\materials\decals\door_wood13.vtf"
"terror\materials\decals\door_wood14.vmt"
"terror\materials\decals\door_wood14.vtf"
"terror\materials\decals\door_wood15.vmt"
"terror\materials\decals\door_wood15.vtf"
"terror\materials\decals\door_wood16.vmt"
"terror\materials\decals\door_wood16.vtf"
"terror\materials\decals\door_wood17.vmt"
"terror\materials\decals\door_wood17.vtf"
"terror\materials\decals\door_wood18.vmt"
"terror\materials\decals\door_wood18.vtf"
"terror\materials\decals\door_wood19.vmt"
"terror\materials\decals\door_wood19.vtf"
"terror\materials\decals\door_wood20.vmt"
"terror\materials\decals\door_wood20.vtf"
"terror\materials\decals\door_wood21.vmt"
"terror\materials\decals\door_wood21.vtf"
"terror\materials\decals\door_wood22.vmt"
"terror\materials\decals\door_wood22.vtf"
"terror\materials\decals\door_wood23.vmt"
"terror\materials\decals\door_wood23.vtf"
"terror\materials\decals\door_wood24.vmt"
"terror\materials\decals\door_wood24.vtf"
"terror\materials\decals\door_wood25.vmt"
"terror\materials\decals\door_wood25.vtf"
"terror\materials\decals\door_wood26.vmt"
"terror\materials\decals\door_wood26.vtf"
"terror\materials\decals\door_wood27.vmt"
"terror\materials\decals\door_wood27.vtf"
"terror\materials\decals\door_wood28.vmt"
"terror\materials\decals\door_wood28.vtf"
"terror\materials\decals\door_wood29.vmt"
"terror\materials\decals\door_wood29.vtf"
"terror\materials\decals\door_wood30.vmt"
"terror\materials\decals\door_wood30.vtf"
"terror\materials\decals\door_wood31.vmt"
"terror\materials\decals\door_wood31.vtf"
"terror\materials\decals\door_wood32.vmt"
"terror\materials\decals\door_wood32.vtf"
"terror\materials\decals\door_wood33.vmt"
"terror\materials\decals\door_wood33.vtf"
"terror\materials\decals\door_wood34.vmt"
"terror\materials\decals\door_wood34.vtf"
"terror\materials\decals\door_wood35.vmt"
"terror\materials\decals\door_wood35.vtf"
"terror\materials\decals\door_wood36.vmt"
"terror\materials\decals\door_wood36.vtf"
"terror\materials\decals\door_wood37.vmt"
"terror\materials\decals\door_wood37.vtf"
"terror\materials\decals\door_wood38.vmt"
"terror\materials\decals\door_wood38.vtf"
"terror\materials\decals\dustflag.vmt"
"terror\materials\decals\dustflag.vtf"
"terror\materials\decals\dust_poster1.vmt"
"terror\materials\decals\dust_poster1.vtf"
"terror\materials\decals\dust_poster2.vmt"
"terror\materials\decals\dust_poster2.vtf"
"terror\materials\decals\dust_poster3.vmt"
"terror\materials\decals\dust_poster3.vtf"
"terror\materials\decals\dust_poster4.vmt"
"terror\materials\decals\dust_poster4.vtf"
"terror\materials\decals\dust_poster5.vmt"
"terror\materials\decals\dust_poster5.vtf"
"terror\materials\decals\dust_poster6.vmt"
"terror\materials\decals\dust_poster6.vtf"
"terror\materials\decals\elevarrows01.vmt"
"terror\materials\decals\elevarrows01.vtf"
"terror\materials\decals\elevarrows01_ref.vtf"
"terror\materials\decals\face01.vmt"
"terror\materials\decals\face01.vtf"
"terror\materials\decals\flag01.vmt"
"terror\materials\decals\flag01.vtf"
"terror\materials\decals\garbage01.vmt"
"terror\materials\decals\garbage01.vtf"
"terror\materials\decals\garbage02.vmt"
"terror\materials\decals\garbage02.vtf"
"terror\materials\decals\garbage03.vmt"
"terror\materials\decals\garbage03.vtf"
"terror\materials\decals\graffiti01.vmt"
"terror\materials\decals\graffiti01.vtf"
"terror\materials\decals\graffiti02.vmt"
"terror\materials\decals\graffiti02.vtf"
"terror\materials\decals\graffiti03.vmt"
"terror\materials\decals\graffiti03.vtf"
"terror\materials\decals\graffiti_clearremoved.vmt"
"terror\materials\decals\graffiti_clearremoved.vtf"
"terror\materials\decals\graffiti_danger.vmt"
"terror\materials\decals\graffiti_danger.vtf"
"terror\materials\decals\graffiti_goddead.vmt"
"terror\materials\decals\graffiti_goddead.vtf"
"terror\materials\decals\graffiti_helpfood.vmt"
"terror\materials\decals\graffiti_helpfood.vtf"
"terror\materials\decals\graffiti_judgement.vmt"
"terror\materials\decals\graffiti_judgement.vtf"
"terror\materials\decals\graffiti_lootersshot.vmt"
"terror\materials\decals\graffiti_lootersshot.vtf"
"terror\materials\decals\graffiti_sinnersrepent.vmt"
"terror\materials\decals\graffiti_sinnersrepent.vtf"
"terror\materials\decals\handyparking_s.vmt"
"terror\materials\decals\handyparking_s.vtf"
"terror\materials\decals\holes128_01.vmt"
"terror\materials\decals\holes128_01.vtf"
"terror\materials\decals\holes128_02.vmt"
"terror\materials\decals\holes128_02.vtf"
"terror\materials\decals\holes128_03.vmt"
"terror\materials\decals\holes128_03.vtf"
"terror\materials\decals\holes128_04.vmt"
"terror\materials\decals\holes128_04.vtf"
"terror\materials\decals\holes128_05.vmt"
"terror\materials\decals\holes128_05.vtf"
"terror\materials\decals\holes128_06.vmt"
"terror\materials\decals\holes128_06.vtf"
"terror\materials\decals\holes128_07.vmt"
"terror\materials\decals\holes128_07.vtf"
"terror\materials\decals\holes128_08.vmt"
"terror\materials\decals\holes128_08.vtf"
"terror\materials\decals\holes16_01.vmt"
"terror\materials\decals\holes16_01.vtf"
"terror\materials\decals\holes32_01.vmt"
"terror\materials\decals\holes32_01.vtf"
"terror\materials\decals\holes32_02.vmt"
"terror\materials\decals\holes32_02.vtf"
"terror\materials\decals\holes32_03.vmt"
"terror\materials\decals\holes32_03.vtf"
"terror\materials\decals\holes32_04.vmt"
"terror\materials\decals\holes32_04.vtf"
"terror\materials\decals\holes32_05.vmt"
"terror\materials\decals\holes32_05.vtf"
"terror\materials\decals\holes32_06.vmt"
"terror\materials\decals\holes32_06.vtf"
"terror\materials\decals\holes64_01.vmt"
"terror\materials\decals\holes64_01.vtf"
"terror\materials\decals\holes64_02.vmt"
"terror\materials\decals\holes64_02.vtf"
"terror\materials\decals\holes64_03.vmt"
"terror\materials\decals\holes64_03.vtf"
"terror\materials\decals\holes64_04.vmt"
"terror\materials\decals\holes64_04.vtf"
"terror\materials\decals\hrpoint.vmt"
"terror\materials\decals\hrpoint.vtf"
"terror\materials\decals\infbrick01.vmt"
"terror\materials\decals\infbrick01.vtf"
"terror\materials\decals\infdrdetail01.vmt"
"terror\materials\decals\infdrdetail01.vtf"
"terror\materials\decals\inflattice.vmt"
"terror\materials\decals\inflattice.vtf"
"terror\materials\decals\inflaundry.vmt"
"terror\materials\decals\inflaundry.vtf"
"terror\materials\decals\infnum5.vmt"
"terror\materials\decals\infnum5.vtf"
"terror\materials\decals\infnum6.vmt"
"terror\materials\decals\infnum6.vtf"
"terror\materials\decals\infnum7.vmt"
"terror\materials\decals\infnum7.vtf"
"terror\materials\decals\infnum8.vmt"
"terror\materials\decals\infnum8.vtf"
"terror\materials\decals\infnum9.vmt"
"terror\materials\decals\infnum9.vtf"
"terror\materials\decals\infplaque.vmt"
"terror\materials\decals\infplaque.vtf"
"terror\materials\decals\infstains01.vmt"
"terror\materials\decals\infstains01.vtf"
"terror\materials\decals\infstoneflrdetaila.vmt"
"terror\materials\decals\infstoneflrdetaila.vtf"
"terror\materials\decals\infstoneflrdetailb.vmt"
"terror\materials\decals\infstoneflrdetailb.vtf"
"terror\materials\decals\inftrimc.vmt"
"terror\materials\decals\inftrimc.vtf"
"terror\materials\decals\infvineshadowsmall.vmt"
"terror\materials\decals\infvineshadowsmall.vtf"
"terror\materials\decals\infwalldetail01.vmt"
"terror\materials\decals\infwalldetail01.vtf"
"terror\materials\decals\infwalldetail02.vmt"
"terror\materials\decals\infwalldetail02.vtf"
"terror\materials\decals\infwalldetail03.vmt"
"terror\materials\decals\infwalldetail03.vtf"
"terror\materials\decals\infwalldetail04.vmt"
"terror\materials\decals\infwalldetail04.vtf"
"terror\materials\decals\infwalldetail05.vmt"
"terror\materials\decals\infwalldetail05.vtf"
"terror\materials\decals\infwalldetail06.vmt"
"terror\materials\decals\infwalldetail06.vtf"
"terror\materials\decals\infwalldetail07.vmt"
"terror\materials\decals\infwalldetail07.vtf"
"terror\materials\decals\infwalldetail08.vmt"
"terror\materials\decals\infwalldetail08.vtf"
"terror\materials\decals\infwalldetail09.vmt"
"terror\materials\decals\infwalldetail09.vtf"
"terror\materials\decals\infwalldetail10.vmt"
"terror\materials\decals\infwalldetail10.vtf"
"terror\materials\decals\infwalldetail11.vmt"
"terror\materials\decals\infwalldetail11.vtf"
"terror\materials\decals\infwalldetail12.vmt"
"terror\materials\decals\infwalldetail12.vtf"
"terror\materials\decals\infwalldetail13.vmt"
"terror\materials\decals\infwalldetail13.vtf"
"terror\materials\decals\infwalldetail14.vmt"
"terror\materials\decals\infwalldetail14.vtf"
"terror\materials\decals\infwalldetail15.vmt"
"terror\materials\decals\infwalldetail15.vtf"
"terror\materials\decals\infwalldetail16.vmt"
"terror\materials\decals\infwalldetail16.vtf"
"terror\materials\decals\infwalldetail17.vmt"
"terror\materials\decals\infwalldetail17.vtf"
"terror\materials\decals\infwndwa.vmt"
"terror\materials\decals\infwndwa.vtf"
"terror\materials\decals\infwndwa_ref.vtf"
"terror\materials\decals\infwndwb.vmt"
"terror\materials\decals\infwndwb.vtf"
"terror\materials\decals\italy_flag.vmt"
"terror\materials\decals\italy_flag.vtf"
"terror\materials\decals\italy_painting1.vmt"
"terror\materials\decals\italy_painting1.vtf"
"terror\materials\decals\italy_poster1.vmt"
"terror\materials\decals\italy_poster1.vtf"
"terror\materials\decals\italy_poster2.vmt"
"terror\materials\decals\italy_poster2.vtf"
"terror\materials\decals\italy_poster4.vmt"
"terror\materials\decals\italy_poster4.vtf"
"terror\materials\decals\metal\shot6.vmt"
"terror\materials\decals\metal\shot6.vtf"
"terror\materials\decals\metal\shot6_subrect.vmt"
"terror\materials\decals\metal\shot7.vmt"
"terror\materials\decals\metal\shot7.vtf"
"terror\materials\decals\metal\shot7_subrect.vmt"
"terror\materials\decals\milbridgelight.vmt"
"terror\materials\decals\milbridgelight.vtf"
"terror\materials\decals\mildirt001.vmt"
"terror\materials\decals\mildirt001.vtf"
"terror\materials\decals\milflr001.vmt"
"terror\materials\decals\milflr001.vtf"
"terror\materials\decals\milflr002.vmt"
"terror\materials\decals\milflr002.vtf"
"terror\materials\decals\militiahostagerescue.vmt"
"terror\materials\decals\militiahostagerescue.vtf"
"terror\materials\decals\milleaves.vmt"
"terror\materials\decals\milleaves.vtf"
"terror\materials\decals\milleavesshadow.vmt"
"terror\materials\decals\milleavesshadow.vtf"
"terror\materials\decals\milleavesshadow02.vmt"
"terror\materials\decals\milleavesshadow02.vtf"
"terror\materials\decals\milshadow.vmt"
"terror\materials\decals\milshadow.vtf"
"terror\materials\decals\milshower.vmt"
"terror\materials\decals\milshower.vtf"
"terror\materials\decals\milstains001.vmt"
"terror\materials\decals\milstains001.vtf"
"terror\materials\decals\milswatter001.vmt"
"terror\materials\decals\milswatter001.vtf"
"terror\materials\decals\milswitch001.vmt"
"terror\materials\decals\milswitch001.vtf"
"terror\materials\decals\milswitch003.vmt"
"terror\materials\decals\milswitch003.vtf"
"terror\materials\decals\milvent001.vmt"
"terror\materials\decals\milvent001.vtf"
"terror\materials\decals\milwndw001.vmt"
"terror\materials\decals\milwndw001.vtf"
"terror\materials\decals\milwndw005.vmt"
"terror\materials\decals\milwndw005.vtf"
"terror\materials\decals\milwndw005_ref.vtf"
"terror\materials\decals\milwndwlight.vmt"
"terror\materials\decals\milwndwlight.vtf"
"terror\materials\decals\milwndwmetal001.vmt"
"terror\materials\decals\milwndwmetal001.vtf"
"terror\materials\decals\offaddress.vmt"
"terror\materials\decals\offaddress.vtf"
"terror\materials\decals\offceilingvent.vmt"
"terror\materials\decals\offceilingvent.vtf"
"terror\materials\decals\offentrancesign.vmt"
"terror\materials\decals\offentrancesign.vtf"
"terror\materials\decals\offentrancesign_ref.vtf"
"terror\materials\decals\offexitsign.vmt"
"terror\materials\decals\offexitsign.vtf"
"terror\materials\decals\offexitsign_ref.vtf"
"terror\materials\decals\offinspa.vmt"
"terror\materials\decals\offinspa.vtf"
"terror\materials\decals\offinspa_ref.vtf"
"terror\materials\decals\offinspb.vmt"
"terror\materials\decals\offinspb.vtf"
"terror\materials\decals\offinspb_ref.vtf"
"terror\materials\decals\offinspc.vmt"
"terror\materials\decals\offinspc.vtf"
"terror\materials\decals\offinspc_ref.vtf"
"terror\materials\decals\offinspd.vmt"
"terror\materials\decals\offinspd.vtf"
"terror\materials\decals\offinspd_ref.vtf"
"terror\materials\decals\offinspf.vmt"
"terror\materials\decals\offinspf.vtf"
"terror\materials\decals\offinspf_ref.vtf"
"terror\materials\decals\offpaintinga.vmt"
"terror\materials\decals\offpaintinga.vtf"
"terror\materials\decals\offpaintinga_ref.vtf"
"terror\materials\decals\offpaintingb.vmt"
"terror\materials\decals\offpaintingb.vtf"
"terror\materials\decals\offpaintingb_ref.vtf"
"terror\materials\decals\offpaintingc.vmt"
"terror\materials\decals\offpaintingc.vtf"
"terror\materials\decals\offpaintingc_ref.vtf"
"terror\materials\decals\offpaintingd.vmt"
"terror\materials\decals\offpaintingd.vtf"
"terror\materials\decals\offpaintingd_ref.vtf"
"terror\materials\decals\offpaintinge.vmt"
"terror\materials\decals\offpaintinge.vtf"
"terror\materials\decals\offpaintinge_ref.vtf"
"terror\materials\decals\offpaintingf.vmt"
"terror\materials\decals\offpaintingf.vtf"
"terror\materials\decals\offpaintingf_ref.vtf"
"terror\materials\decals\offpaintingg.vmt"
"terror\materials\decals\offpaintingg.vtf"
"terror\materials\decals\offpaintingg_ref.vtf"
"terror\materials\decals\offpaintingh.vmt"
"terror\materials\decals\offpaintingh.vtf"
"terror\materials\decals\offpaintingh_ref.vtf"
"terror\materials\decals\offpaintingi.vmt"
"terror\materials\decals\offpaintingi.vtf"
"terror\materials\decals\offpaintingi_ref.vtf"
"terror\materials\decals\offpaintingj.vmt"
"terror\materials\decals\offpaintingj.vtf"
"terror\materials\decals\offpaintingj_ref.vtf"
"terror\materials\decals\offpaintingk.vmt"
"terror\materials\decals\offpaintingk.vtf"
"terror\materials\decals\offpaintingk_ref.vtf"
"terror\materials\decals\offpaintingl.vmt"
"terror\materials\decals\offpaintingl.vtf"
"terror\materials\decals\offpaintingl_ref.vtf"
"terror\materials\decals\offpaintingm.vmt"
"terror\materials\decals\offpaintingm.vtf"
"terror\materials\decals\offpaintingm_ref.vtf"
"terror\materials\decals\offpaintingn.vmt"
"terror\materials\decals\offpaintingn.vtf"
"terror\materials\decals\offpaintingn_ref.vtf"
"terror\materials\decals\offpaintingo.vmt"
"terror\materials\decals\offpaintingo.vtf"
"terror\materials\decals\offpaintingo_ref.vtf"
"terror\materials\decals\offrestmens_ref.vtf"
"terror\materials\decals\offrestrooms_ref.vtf"
"terror\materials\decals\offsignb.vmt"
"terror\materials\decals\offsignb.vtf"
"terror\materials\decals\offsignb_ref.vtf"
"terror\materials\decals\offwllvent.vmt"
"terror\materials\decals\offwllvent.vtf"
"terror\materials\decals\parkingc.vmt"
"terror\materials\decals\parkingc.vtf"
"terror\materials\decals\parkingw.vmt"
"terror\materials\decals\parkingw.vtf"
"terror\materials\decals\portlogo.vmt"
"terror\materials\decals\portlogo.vtf"
"terror\materials\decals\posters01.vmt"
"terror\materials\decals\posters01.vtf"
"terror\materials\decals\posters02.vmt"
"terror\materials\decals\posters02.vtf"
"terror\materials\decals\posters03.vmt"
"terror\materials\decals\posters03.vtf"
"terror\materials\decals\posters04.vmt"
"terror\materials\decals\posters04.vtf"
"terror\materials\decals\posters05.vmt"
"terror\materials\decals\posters05.vtf"
"terror\materials\decals\prodconcrete05.vmt"
"terror\materials\decals\prodconcrete05.vtf"
"terror\materials\decals\prodflrlghta.vmt"
"terror\materials\decals\prodflrlghta.vtf"
"terror\materials\decals\prodflrlghta_ref.vtf"
"terror\materials\decals\prodgrassa.vmt"
"terror\materials\decals\prodgrassa.vtf"
"terror\materials\decals\prodshadow.vmt"
"terror\materials\decals\prodshadow.vtf"
"terror\materials\decals\railroadties.vmt"
"terror\materials\decals\railroadties.vtf"
"terror\materials\decals\ropeladderfootprints.vmt"
"terror\materials\decals\ropeladderfootprints.vtf"
"terror\materials\decals\sanddecal01.vmt"
"terror\materials\decals\sanddecal01.vtf"
"terror\materials\decals\sanddecal02.vmt"
"terror\materials\decals\sanddecal02.vtf"
"terror\materials\decals\sanddecal03.vmt"
"terror\materials\decals\sanddecal03.vtf"
"terror\materials\decals\sign_tech_mip0.vtf"
"terror\materials\decals\sitea.vmt"
"terror\materials\decals\sitea.vtf"
"terror\materials\decals\sitea_90.vmt"
"terror\materials\decals\sitea_90.vtf"
"terror\materials\decals\sitea_black.vmt"
"terror\materials\decals\sitea_black.vtf"
"terror\materials\decals\siteb.vmt"
"terror\materials\decals\siteb.vtf"
"terror\materials\decals\siteb_90.vmt"
"terror\materials\decals\siteb_90.vtf"
"terror\materials\decals\siteb_black.vmt"
"terror\materials\decals\siteb_black.vtf"
"terror\materials\decals\slide.vmt"
"terror\materials\decals\slide.vtf"
"terror\materials\decals\snow01.vmt"
"terror\materials\decals\snow01.vtf"
"terror\materials\decals\storefront01.vmt"
"terror\materials\decals\storefront01.vtf"
"terror\materials\decals\storefront02.vmt"
"terror\materials\decals\storefront02.vtf"
"terror\materials\decals\storefront03.vmt"
"terror\materials\decals\storefront03.vtf"
"terror\materials\decals\storefront04.vmt"
"terror\materials\decals\storefront04.vtf"
"terror\materials\decals\storefront05.vmt"
"terror\materials\decals\storefront05.vtf"
"terror\materials\decals\storefront06.vmt"
"terror\materials\decals\storefront06.vtf"
"terror\materials\decals\storefront07.vmt"
"terror\materials\decals\storefront07.vtf"
"terror\materials\decals\storefront08.vmt"
"terror\materials\decals\storefront08.vtf"
"terror\materials\decals\storefront09.vmt"
"terror\materials\decals\storefront09.vtf"
"terror\materials\decals\storefront10.vmt"
"terror\materials\decals\storefront10.vtf"
"terror\materials\decals\storefront11.vmt"
"terror\materials\decals\storefront11.vtf"
"terror\materials\decals\storefront12.vmt"
"terror\materials\decals\storefront12.vtf"
"terror\materials\decals\storefront13.vmt"
"terror\materials\decals\storefront13.vtf"
"terror\materials\decals\storefront14.vmt"
"terror\materials\decals\storefront14.vtf"
"terror\materials\decals\storefront15.vmt"
"terror\materials\decals\storefront15.vtf"
"terror\materials\decals\storefront16.vmt"
"terror\materials\decals\storefront16.vtf"
"terror\materials\decals\storefront17.vmt"
"terror\materials\decals\storefront17.vtf"
"terror\materials\decals\storefront18.vmt"
"terror\materials\decals\storefront18.vtf"
"terror\materials\decals\storefront18b.vmt"
"terror\materials\decals\storefront18b.vtf"
"terror\materials\decals\storefront19.vmt"
"terror\materials\decals\storefront19.vtf"
"terror\materials\decals\storefront19b.vmt"
"terror\materials\decals\storefront19b.vtf"
"terror\materials\decals\storefront20.vmt"
"terror\materials\decals\storefront20.vtf"
"terror\materials\decals\storefront21.vmt"
"terror\materials\decals\storefront21.vtf"
"terror\materials\decals\storefront22.vmt"
"terror\materials\decals\storefront22.vtf"
"terror\materials\decals\storefront23.vmt"
"terror\materials\decals\storefront23.vtf"
"terror\materials\decals\storefront24.vmt"
"terror\materials\decals\storefront24.vtf"
"terror\materials\decals\storefront25.vmt"
"terror\materials\decals\storefront25.vtf"
"terror\materials\decals\storefront26.vmt"
"terror\materials\decals\storefront26.vtf"
"terror\materials\decals\storefront27.vmt"
"terror\materials\decals\storefront27.vtf"
"terror\materials\decals\storefront28.vmt"
"terror\materials\decals\storefront28.vtf"
"terror\materials\decals\storefront29.vmt"
"terror\materials\decals\storefront29.vtf"
"terror\materials\decals\storefront30.vmt"
"terror\materials\decals\storefront30.vtf"
"terror\materials\decals\storefront31.vmt"
"terror\materials\decals\storefront31.vtf"
"terror\materials\decals\storefront32.vmt"
"terror\materials\decals\storefront32.vtf"
"terror\materials\decals\storefront33.vmt"
"terror\materials\decals\storefront33.vtf"
"terror\materials\decals\switch01.vmt"
"terror\materials\decals\switch01.vtf"
"terror\materials\decals\target.vmt"
"terror\materials\decals\target.vtf"
"terror\materials\decals\tides_redcarpet.vmt"
"terror\materials\decals\tides_redcarpet.vtf"
"terror\materials\decals\trash01.vmt"
"terror\materials\decals\trash01.vtf"
"terror\materials\decals\window_brick01.vmt"
"terror\materials\decals\window_brick01.vtf"
"terror\materials\decals\window_brick02.vmt"
"terror\materials\decals\window_brick02.vtf"
"terror\materials\decals\window_brick03.vmt"
"terror\materials\decals\window_brick03.vtf"
"terror\materials\decals\window_brick04.vmt"
"terror\materials\decals\window_brick04.vtf"
"terror\materials\decals\window_brick05.vmt"
"terror\materials\decals\window_brick05.vtf"
"terror\materials\decals\window_brick06.vmt"
"terror\materials\decals\window_brick06.vtf"
"terror\materials\decals\window_brick07.vmt"
"terror\materials\decals\window_brick07.vtf"
"terror\materials\decals\window_brick07_lit.vmt"
"terror\materials\decals\window_brick07_lit.vtf"
"terror\materials\decals\window_brick08.vmt"
"terror\materials\decals\window_brick08.vtf"
"terror\materials\decals\window_brick09.vmt"
"terror\materials\decals\window_brick09.vtf"
"terror\materials\decals\window_brick10.vmt"
"terror\materials\decals\window_brick10.vtf"
"terror\materials\decals\window_brick11.vmt"
"terror\materials\decals\window_brick11.vtf"
"terror\materials\decals\window_brick12.vmt"
"terror\materials\decals\window_brick12.vtf"
"terror\materials\decals\window_brick13.vmt"
"terror\materials\decals\window_brick13.vtf"
"terror\materials\decals\window_brick14.vmt"
"terror\materials\decals\window_brick14.vtf"
"terror\materials\decals\window_brick15.vmt"
"terror\materials\decals\window_brick15.vtf"
"terror\materials\decals\window_brick16.vmt"
"terror\materials\decals\window_brick16.vtf"
"terror\materials\decals\window_brick17.vmt"
"terror\materials\decals\window_brick17.vtf"
"terror\materials\decals\window_brick18.vmt"
"terror\materials\decals\window_brick18.vtf"
"terror\materials\decals\window_brick19.vmt"
"terror\materials\decals\window_brick19.vtf"
"terror\materials\decals\window_glass01.vmt"
"terror\materials\decals\window_glass01.vtf"
"terror\materials\decals\window_glass02.vmt"
"terror\materials\decals\window_glass02.vtf"
"terror\materials\decals\window_glass03.vmt"
"terror\materials\decals\window_glass03.vtf"
"terror\materials\decals\window_metal01.vmt"
"terror\materials\decals\window_metal01.vtf"
"terror\materials\decals\window_metal02.vmt"
"terror\materials\decals\window_metal02.vtf"
"terror\materials\decals\window_metal03.vmt"
"terror\materials\decals\window_metal03.vtf"
"terror\materials\decals\window_plaster01.vmt"
"terror\materials\decals\window_plaster01.vtf"
"terror\materials\decals\window_plaster02.vmt"
"terror\materials\decals\window_plaster02.vtf"
"terror\materials\decals\window_plaster03.vmt"
"terror\materials\decals\window_plaster03.vtf"
"terror\materials\decals\window_plaster04.vmt"
"terror\materials\decals\window_plaster04.vtf"
"terror\materials\decals\window_stone01.vmt"
"terror\materials\decals\window_stone01.vtf"
"terror\materials\decals\window_wood01.vmt"
"terror\materials\decals\window_wood01.vtf"
"terror\materials\decals\window_wood02.vmt"
"terror\materials\decals\window_wood02.vtf"
"terror\materials\decals\window_wood03.vmt"
"terror\materials\decals\window_wood03.vtf"
"terror\materials\decals\window_wood04.vmt"
"terror\materials\decals\window_wood04.vtf"
"terror\materials\decals\window_wood05.vmt"
"terror\materials\decals\window_wood05.vtf"
"terror\materials\decals\window_wood06.vmt"
"terror\materials\decals\window_wood06.vtf"
"terror\materials\decals\window_wood07.vmt"
"terror\materials\decals\window_wood07.vtf"
"terror\materials\decals\window_wood08.vmt"
"terror\materials\decals\window_wood08.vtf"
"terror\materials\decals\window_wood09.vmt"
"terror\materials\decals\window_wood09.vtf"
"terror\materials\decals\window_wood10.vmt"
"terror\materials\decals\window_wood10.vtf"
"terror\materials\decals\window_wood11.vmt"
"terror\materials\decals\window_wood11.vtf"
"terror\materials\decals\window_wood12.vmt"
"terror\materials\decals\window_wood12.vtf"
"terror\materials\decals\window_wood13.vmt"
"terror\materials\decals\window_wood13.vtf"
"terror\materials\decals\window_wood14.vmt"
"terror\materials\decals\window_wood14.vtf"
"terror\materials\decals\window_wood15.vmt"
"terror\materials\decals\window_wood15.vtf"
"terror\materials\decals\window_wood16.vmt"
"terror\materials\decals\window_wood16.vtf"
"terror\materials\decals\window_wood17.vmt"
"terror\materials\decals\window_wood17.vtf"
"terror\materials\decals\window_wood18.vmt"
"terror\materials\decals\window_wood18.vtf"
"terror\materials\decals\window_wood19.vmt"
"terror\materials\decals\window_wood19.vtf"
"terror\materials\decals\window_wood20.vmt"
"terror\materials\decals\window_wood20.vtf"
"terror\materials\decals\window_wood21.vmt"
"terror\materials\decals\window_wood21.vtf"
"terror\materials\decals\window_wood22.vmt"
"terror\materials\decals\window_wood22.vtf"
"terror\materials\decals\window_wood23.vmt"
"terror\materials\decals\window_wood23.vtf"
"terror\materials\decals\window_wood24.vmt"
"terror\materials\decals\window_wood24.vtf"
"terror\materials\decals\window_wood25.vmt"
"terror\materials\decals\window_wood25.vtf"
"terror\materials\decals\window_wood26.vmt"
"terror\materials\decals\window_wood26.vtf"
"terror\materials\decals\window_wood27.vmt"
"terror\materials\decals\window_wood27.vtf"
"terror\materials\decals\window_wood28.vmt"
"terror\materials\decals\window_wood28.vtf"
"terror\materials\decals\window_wood29.vmt"
"terror\materials\decals\window_wood29.vtf"
"terror\materials\decals\window_wood30.vmt"
"terror\materials\decals\window_wood30.vtf"
"terror\materials\decals\window_wood31.vmt"
"terror\materials\decals\window_wood31.vtf"
"terror\materials\decals\window_wood32.vmt"
"terror\materials\decals\window_wood32.vtf"
"terror\materials\decals\window_wood33.vmt"
"terror\materials\decals\window_wood33.vtf"
"terror\materials\decals\window_wood34.vmt"
"terror\materials\decals\window_wood34.vtf"
"terror\materials\decals\window_wood35.vmt"
"terror\materials\decals\window_wood35.vtf"
"terror\materials\decals\window_wood36.vmt"
"terror\materials\decals\window_wood36.vtf"
"terror\materials\decals\window_wood37.vmt"
"terror\materials\decals\window_wood37.vtf"
"terror\materials\decals\window_wood38.vmt"
"terror\materials\decals\window_wood38.vtf"
"terror\materials\decals\win_rectang.vmt"
"terror\materials\decals\win_rectang.vtf"
"terror\materials\decals\win_rectang02.vmt"
"terror\materials\decals\win_rectang02.vtf"
"terror\materials\decals\win_square.vmt"
"terror\materials\decals\win_square.vtf"
"terror\materials\decals\wires01.vmt"
"terror\materials\decals\wires01.vtf"
"terror\materials\decals\wires02.vmt"
"terror\materials\decals\wires02.vtf"
"terror\materials\decals\wires03.vmt"
"terror\materials\decals\wires03.vtf"
"terror\materials\decals\wires04.vmt"
"terror\materials\decals\wires04.vtf"
"terror\materials\decals\{arrow_l.vmt"
"terror\materials\decals\{arrow_l.vtf"
"terror\materials\decals\{arrow_r.vmt"
"terror\materials\decals\{arrow_r.vtf"
"terror\materials\decals\{pstripe1.vmt"
"terror\materials\decals\{pstripe1.vtf"
"terror\materials\decals\{pstripe2.vmt"
"terror\materials\decals\{pstripe2.vtf"
"terror\materials\decals\{target.vmt"
"terror\materials\decals\{target.vtf"
"terror\materials\decals\{target2.vmt"
"terror\materials\decals\{target2.vtf"
"terror\materials\dev\dev_blendmeasure2.vmt"
"terror\materials\dev\dev_combinemonitor_b.vmt"
"terror\materials\dev\dev_measurewall01a.vmt"
"terror\materials\dev\dev_measurewall01a.vtf"
"terror\materials\dev\dev_measurewall01d.vmt"
"terror\materials\dev\dev_measurewall01d.vtf"
"terror\materials\dev\value10.vmt"
"terror\materials\dev\value10.vtf"
"terror\materials\dev\value20.vmt"
"terror\materials\dev\value20.vtf"
"terror\materials\dev\value30.vmt"
"terror\materials\dev\value30.vtf"
"terror\materials\dev\value40.vmt"
"terror\materials\dev\value40.vtf"
"terror\materials\dev\value50.vmt"
"terror\materials\dev\value50.vtf"
"terror\materials\dev\value60.vmt"
"terror\materials\dev\value60.vtf"
"terror\materials\dev\value70.vmt"
"terror\materials\dev\value70.vtf"
"terror\materials\dev\value80.vmt"
"terror\materials\dev\value80.vtf"
"terror\materials\dev\value90.vmt"
"terror\materials\dev\value90.vtf"
"terror\materials\dev\valuesand10.vmt"
"terror\materials\dev\valuesand10.vtf"
"terror\materials\dev\valuesand20.vmt"
"terror\materials\dev\valuesand20.vtf"
"terror\materials\dev\valuesand30.vmt"
"terror\materials\dev\valuesand30.vtf"
"terror\materials\dev\valuesand40.vmt"
"terror\materials\dev\valuesand40.vtf"
"terror\materials\dev\valuesand50.vmt"
"terror\materials\dev\valuesand50.vtf"
"terror\materials\dev\valuesand60.vmt"
"terror\materials\dev\valuesand60.vtf"
"terror\materials\dev\valuesand70.vmt"
"terror\materials\dev\valuesand70.vtf"
"terror\materials\dev\valuesand80.vmt"
"terror\materials\dev\valuesand80.vtf"
"terror\materials\dev\valuesand90.vmt"
"terror\materials\dev\valuesand90.vtf"
"terror\materials\effects\trainsky.vmt"
"terror\materials\effects\trainsky.vtf"
"terror\materials\effects\warehouseskylights.vmt"
"terror\materials\effects\warehouseskylights.vtf"
"terror\materials\sprites\accuracy_icon.vmt"
"terror\materials\sprites\accuracy_icon.vtf"
"terror\materials\sprites\c4.vmt"
"terror\materials\sprites\c4.vtf"
"terror\materials\sprites\cbbl_smoke.vmt"
"terror\materials\sprites\cbbl_smoke.vtf"
"terror\materials\sprites\damage_icon.vmt"
"terror\materials\sprites\damage_icon.vtf"
"terror\materials\sprites\defuser.vmt"
"terror\materials\sprites\defuser.vtf"
"terror\materials\sprites\glint.vmt"
"terror\materials\sprites\glint.vtf"
"terror\materials\sprites\glow03.vmt"
"terror\materials\sprites\glow03.vtf"
"terror\materials\sprites\glow_nofog.vmt"
"terror\materials\sprites\halo.vmt"
"terror\materials\sprites\halo.vtf"
"terror\materials\sprites\hostage_rescue.vmt"
"terror\materials\sprites\hostage_rescue.vtf"
"terror\materials\sprites\hulk_throw_empty.vmt"
"terror\materials\sprites\hulk_throw_empty.vtf"
"terror\materials\sprites\hulk_throw_full.vmt"
"terror\materials\sprites\hulk_throw_full.vtf"
"terror\materials\sprites\lightning001.vmt"
"terror\materials\sprites\lightning001.vtf"
"terror\materials\sprites\lightning002.vmt"
"terror\materials\sprites\lightning002.vtf"
"terror\materials\sprites\lightning003.vmt"
"terror\materials\sprites\lightning003.vtf"
"terror\materials\sprites\lunge_empty.vmt"
"terror\materials\sprites\lunge_empty.vtf"
"terror\materials\sprites\lunge_full.vmt"
"terror\materials\sprites\lunge_full.vtf"
"terror\materials\sprites\moonblk.vmt"
"terror\materials\sprites\moonblk.vtf"
"terror\materials\sprites\negative_icon.vmt"
"terror\materials\sprites\negative_icon.vtf"
"terror\materials\sprites\numbers.vmt"
"terror\materials\sprites\numbers.vtf"
"terror\materials\sprites\player_blue.vmt"
"terror\materials\sprites\player_blue.vtf"
"terror\materials\sprites\player_red.vmt"
"terror\materials\sprites\player_red.vtf"
"terror\materials\sprites\redglow01.vmt"
"terror\materials\sprites\redglow01_mip0.vtf"
"terror\materials\sprites\reload_icon.vmt"
"terror\materials\sprites\reload_icon.vtf"
"terror\materials\sprites\shopping_cart.vmt"
"terror\materials\sprites\shopping_cart.vtf"
"terror\materials\sprites\smoke.vmt"
"terror\materials\sprites\speed_icon.vmt"
"terror\materials\sprites\speed_icon.vtf"
"terror\materials\sprites\stomach_empty.vmt"
"terror\materials\sprites\stomach_empty.vtf"
"terror\materials\sprites\stomach_full.vmt"
"terror\materials\sprites\stomach_full.vtf"
"terror\materials\sprites\tongue_empty.vmt"
"terror\materials\sprites\tongue_empty.vtf"
"terror\materials\sprites\tongue_full.vmt"
"terror\materials\sprites\tongue_full.vtf"
"terror\materials\sprites\toughness_icon.vmt"
"terror\materials\sprites\toughness_icon.vtf"
"terror\materials\sprites\water_drop.vmt"
"terror\materials\sprites\water_drop.vtf"
"terror\materials\sprites\wpn_select1.vmt"
"terror\materials\sprites\wpn_select1.vtf"
"terror\materials\sprites\wpn_select2.vmt"
"terror\materials\sprites\wpn_select2.vtf"
"terror\materials\sprites\wpn_select3.vmt"
"terror\materials\sprites\wpn_select3.vtf"
"terror\materials\sprites\wpn_select4.vmt"
"terror\materials\sprites\wpn_select4.vtf"
"terror\materials\sprites\wpn_select5.vmt"
"terror\materials\sprites\wpn_select5.vtf"
"terror\materials\sprites\wpn_select7.vmt"
"terror\materials\sprites\wpn_select7.vtf"
"terror\materials\sprites\xfireball3.vmt"
"terror\materials\sprites\xfireball3.vtf"
"terror\materials\sprites\yelflare1.vmt"
"terror\materials\sprites\yelflare1.vtf"
"terror\materials\sprites\yelflare2.vmt"
"terror\materials\sprites\yelflare2.vtf"
"terror\materials\vgui\awards\abandonment.vmt"
"terror\materials\vgui\awards\abandonment.vtf"
"terror\materials\vgui\awards\abusive_behavior.vmt"
"terror\materials\vgui\awards\abusive_behavior.vtf"
"terror\materials\vgui\awards\alive.vmt"
"terror\materials\vgui\awards\alive.vtf"
"terror\materials\vgui\awards\boomer_blunder.vmt"
"terror\materials\vgui\awards\boomer_blunder.vtf"
"terror\materials\vgui\awards\boomer_combo.vmt"
"terror\materials\vgui\awards\boomer_combo.vtf"
"terror\materials\vgui\awards\escape.vmt"
"terror\materials\vgui\awards\escape.vtf"
"terror\materials\vgui\awards\escape_survival.vmt"
"terror\materials\vgui\awards\escape_survival.vtf"
"terror\materials\vgui\awards\escape_untouchable.vmt"
"terror\materials\vgui\awards\escape_untouchable.vtf"
"terror\materials\vgui\awards\friendly_fire.vmt"
"terror\materials\vgui\awards\friendly_fire.vtf"
"terror\materials\vgui\awards\good_teammate.vmt"
"terror\materials\vgui\awards\good_teammate.vtf"
"terror\materials\vgui\awards\greedy.vmt"
"terror\materials\vgui\awards\greedy.vtf"
"terror\materials\vgui\awards\grenade_blunder.vmt"
"terror\materials\vgui\awards\grenade_blunder.vtf"
"terror\materials\vgui\awards\grenadier.vmt"
"terror\materials\vgui\awards\grenadier.vtf"
"terror\materials\vgui\awards\hindering_escape.vmt"
"terror\materials\vgui\awards\hindering_escape.vtf"
"terror\materials\vgui\awards\it_survival.vmt"
"terror\materials\vgui\awards\it_survival.vtf"
"terror\materials\vgui\awards\knockdown.vmt"
"terror\materials\vgui\awards\knockdown.vtf"
"terror\materials\vgui\awards\medic.vmt"
"terror\materials\vgui\awards\medic.vtf"
"terror\materials\vgui\awards\murder.vmt"
"terror\materials\vgui\awards\murder.vtf"
"terror\materials\vgui\awards\protector.vmt"
"terror\materials\vgui\awards\protector.vtf"
"terror\materials\vgui\awards\reviving_friend.vmt"
"terror\materials\vgui\awards\reviving_friend.vtf"
"terror\materials\vgui\awards\screamer.vmt"
"terror\materials\vgui\awards\screamer.vtf"
"terror\materials\vgui\awards\screamer_harassment.vmt"
"terror\materials\vgui\awards\screamer_harassment.vtf"
"terror\materials\vgui\awards\sharing.vmt"
"terror\materials\vgui\awards\sharing.vtf"
"terror\materials\vgui\awards\sharpshooter.vmt"
"terror\materials\vgui\awards\sharpshooter.vtf"
"terror\materials\vgui\awards\sole_survivor.vmt"
"terror\materials\vgui\awards\sole_survivor.vtf"
"terror\materials\vgui\awards\survivor.vmt"
"terror\materials\vgui\awards\survivor.vtf"
"terror\materials\vgui\awards\team_alive.vmt"
"terror\materials\vgui\awards\team_alive.vtf"
"terror\materials\vgui\awards\team_survival.vmt"
"terror\materials\vgui\awards\team_survival.vtf"
"terror\materials\vgui\awards\team_untouchable.vmt"
"terror\materials\vgui\awards\team_untouchable.vtf"
"terror\materials\vgui\awards\untouchable.vmt"
"terror\materials\vgui\awards\untouchable.vtf"
"terror\materials\vgui\awards\witch_harassment.vmt"
"terror\materials\vgui\awards\witch_harassment.vtf"
"terror\materials\vgui\gfx\vgui\ak47.vmt"
"terror\materials\vgui\gfx\vgui\ak47.vtf"
"terror\materials\vgui\gfx\vgui\arctic.vmt"
"terror\materials\vgui\gfx\vgui\arctic.vtf"
"terror\materials\vgui\gfx\vgui\aug.vmt"
"terror\materials\vgui\gfx\vgui\aug.vtf"
"terror\materials\vgui\gfx\vgui\awp.vmt"
"terror\materials\vgui\gfx\vgui\awp.vtf"
"terror\materials\vgui\gfx\vgui\bullet.vmt"
"terror\materials\vgui\gfx\vgui\bullet.vtf"
"terror\materials\vgui\gfx\vgui\cartridge.vmt"
"terror\materials\vgui\gfx\vgui\cartridge.vtf"
"terror\materials\vgui\gfx\vgui\crosshair.vmt"
"terror\materials\vgui\gfx\vgui\crosshair.vtf"
"terror\materials\vgui\gfx\vgui\deserteagle.vmt"
"terror\materials\vgui\gfx\vgui\deserteagle.vtf"
"terror\materials\vgui\gfx\vgui\elites.vmt"
"terror\materials\vgui\gfx\vgui\elites.vtf"
"terror\materials\vgui\gfx\vgui\famas.vmt"
"terror\materials\vgui\gfx\vgui\famas.vtf"
"terror\materials\vgui\gfx\vgui\fiveseven.vmt"
"terror\materials\vgui\gfx\vgui\fiveseven.vtf"
"terror\materials\vgui\gfx\vgui\flashbang_square.vmt"
"terror\materials\vgui\gfx\vgui\flashbang_square.vtf"
"terror\materials\vgui\gfx\vgui\g3sg1.vmt"
"terror\materials\vgui\gfx\vgui\g3sg1.vtf"
"terror\materials\vgui\gfx\vgui\galil.vmt"
"terror\materials\vgui\gfx\vgui\galil.vtf"
"terror\materials\vgui\gfx\vgui\gign.vmt"
"terror\materials\vgui\gfx\vgui\gign.vtf"
"terror\materials\vgui\gfx\vgui\glock18.vmt"
"terror\materials\vgui\gfx\vgui\glock18.vtf"
"terror\materials\vgui\gfx\vgui\gsg9.vmt"
"terror\materials\vgui\gfx\vgui\gsg9.vtf"
"terror\materials\vgui\gfx\vgui\guerilla.vmt"
"terror\materials\vgui\gfx\vgui\guerilla.vtf"
"terror\materials\vgui\gfx\vgui\hegrenade_square.vmt"
"terror\materials\vgui\gfx\vgui\hegrenade_square.vtf"
"terror\materials\vgui\gfx\vgui\helmet.vmt"
"terror\materials\vgui\gfx\vgui\helmet.vtf"
"terror\materials\vgui\gfx\vgui\hunter.vmt"
"terror\materials\vgui\gfx\vgui\hunter.vtf"
"terror\materials\vgui\gfx\vgui\infected.vmt"
"terror\materials\vgui\gfx\vgui\infected.vtf"
"terror\materials\vgui\gfx\vgui\leet.vmt"
"terror\materials\vgui\gfx\vgui\leet.vtf"
"terror\materials\vgui\gfx\vgui\m249.vmt"
"terror\materials\vgui\gfx\vgui\m249.vtf"
"terror\materials\vgui\gfx\vgui\m3.vmt"
"terror\materials\vgui\gfx\vgui\m3.vtf"
"terror\materials\vgui\gfx\vgui\m4a1.vmt"
"terror\materials\vgui\gfx\vgui\m4a1.vtf"
"terror\materials\vgui\gfx\vgui\mac10.vmt"
"terror\materials\vgui\gfx\vgui\mac10.vtf"
"terror\materials\vgui\gfx\vgui\mp5.vmt"
"terror\materials\vgui\gfx\vgui\mp5.vtf"
"terror\materials\vgui\gfx\vgui\not_available.vmt"
"terror\materials\vgui\gfx\vgui\not_available.vtf"
"terror\materials\vgui\gfx\vgui\p228.vmt"
"terror\materials\vgui\gfx\vgui\p228.vtf"
"terror\materials\vgui\gfx\vgui\p90.vmt"
"terror\materials\vgui\gfx\vgui\p90.vtf"
"terror\materials\vgui\gfx\vgui\sas.vmt"
"terror\materials\vgui\gfx\vgui\sas.vtf"
"terror\materials\vgui\gfx\vgui\scout.vmt"
"terror\materials\vgui\gfx\vgui\scout.vtf"
"terror\materials\vgui\gfx\vgui\sg550.vmt"
"terror\materials\vgui\gfx\vgui\sg550.vtf"
"terror\materials\vgui\gfx\vgui\sg552.vmt"
"terror\materials\vgui\gfx\vgui\sg552.vtf"
"terror\materials\vgui\gfx\vgui\shell.vmt"
"terror\materials\vgui\gfx\vgui\shell.vtf"
"terror\materials\vgui\gfx\vgui\shield.vmt"
"terror\materials\vgui\gfx\vgui\shield.vtf"
"terror\materials\vgui\gfx\vgui\smokegrenade_square.vmt"
"terror\materials\vgui\gfx\vgui\smokegrenade_square.vtf"
"terror\materials\vgui\gfx\vgui\terror.vmt"
"terror\materials\vgui\gfx\vgui\terror.vtf"
"terror\materials\vgui\gfx\vgui\tmp.vmt"
"terror\materials\vgui\gfx\vgui\tmp.vtf"
"terror\materials\vgui\gfx\vgui\ump45.vmt"
"terror\materials\vgui\gfx\vgui\ump45.vtf"
"terror\materials\vgui\gfx\vgui\urban.vmt"
"terror\materials\vgui\gfx\vgui\urban.vtf"
"terror\materials\vgui\gfx\vgui\usp45.vmt"
"terror\materials\vgui\gfx\vgui\usp45.vtf"
"terror\materials\vgui\gfx\vgui\vip.vmt"
"terror\materials\vgui\gfx\vgui\vip.vtf"
"terror\materials\vgui\gfx\vgui\xm1014.vmt"
"terror\materials\vgui\gfx\vgui\xm1014.vtf"
"terror\materials\vgui\infected.vmt"
"terror\materials\vgui\infected.vtf"
"terror\materials\vgui\logos\spray_bullseye.vmt"
"terror\materials\vgui\logos\spray_bullseye.vtf"
"terror\materials\vgui\logos\spray_crosshairs.vmt"
"terror\materials\vgui\logos\spray_crosshairs.vtf"
"terror\materials\vgui\logos\spray_crybaby.vmt"
"terror\materials\vgui\logos\spray_crybaby.vtf"
"terror\materials\vgui\logos\spray_elited.vmt"
"terror\materials\vgui\logos\spray_elited.vtf"
"terror\materials\vgui\logos\spray_flashbanged.vmt"
"terror\materials\vgui\logos\spray_flashbanged.vtf"
"terror\materials\vgui\logos\spray_grenaded.vmt"
"terror\materials\vgui\logos\spray_grenaded.vtf"
"terror\materials\vgui\logos\spray_headshot.vmt"
"terror\materials\vgui\logos\spray_headshot.vtf"
"terror\materials\vgui\logos\spray_insights.vmt"
"terror\materials\vgui\logos\spray_insights.vtf"
"terror\materials\vgui\logos\spray_kamikazi.vmt"
"terror\materials\vgui\logos\spray_kamikazi.vtf"
"terror\materials\vgui\logos\spray_kilroy.vmt"
"terror\materials\vgui\logos\spray_kilroy.vtf"
"terror\materials\vgui\logos\spray_knifed.vmt"
"terror\materials\vgui\logos\spray_knifed.vtf"
"terror\materials\vgui\logos\spray_nobombs.vmt"
"terror\materials\vgui\logos\spray_nobombs.vtf"
"terror\materials\vgui\logos\spray_nosmoking.vmt"
"terror\materials\vgui\logos\spray_nosmoking.vtf"
"terror\materials\vgui\logos\spray_nowar.vmt"
"terror\materials\vgui\logos\spray_nowar.vtf"
"terror\materials\vgui\logos\spray_touchdown.vmt"
"terror\materials\vgui\logos\spray_touchdown.vtf"
"terror\materials\vgui\logos\ui\spray_bullseye.vmt"
"terror\materials\vgui\logos\ui\spray_crybaby.vmt"
"terror\materials\vgui\logos\ui\spray_knifed.vmt"
"terror\materials\vgui\logos\ui\spray_nobombs.vmt"
"terror\materials\vgui\logos\ui\spray_touchdown.vmt"
"terror\materials\vgui\missions\smalltown.vmt"
"terror\materials\vgui\missions\traintracks.vmt"
"terror\materials\vgui\screamer.vmt"
"terror\materials\vgui\screamer.vtf"
"terror\materials\vgui\screens\vgui_overlay.vmt"
"terror\materials\vgui\screens\vgui_overlay.vtf"
"terror\materials\vgui\terror\medkit_icon.vmt"
"terror\materials\vgui\terror\medkit_icon.vtf"
"terror\materials\vgui\terror\med_pain_icon.vmt"
"terror\materials\vgui\terror\med_pain_icon.vtf"
"terror\materials\vgui\terror\molotov_icon.vmt"
"terror\materials\vgui\terror\molotov_icon.vtf"
"terror\materials\vgui\terror\nade_icon.vmt"
"terror\materials\vgui\terror\nade_icon.vtf"
"terror\materials\vgui\terror\painkillers_icon.vmt"
"terror\materials\vgui\terror\painkillers_icon.vtf"
"terror\materials\vgui\upgrade_accuracy.vmt"
"terror\materials\vgui\upgrade_accuracy.vtf"
"terror\materials\vgui\upgrade_melee.vmt"
"terror\materials\vgui\upgrade_melee.vtf"
"terror\materials\vgui\upgrade_quickdraw.vmt"
"terror\materials\vgui\upgrade_quickdraw.vtf"
"terror\materials\vgui\upgrade_reload.vmt"
"terror\materials\vgui\upgrade_reload.vtf"
"terror\materials\vgui\upgrade_toughness.vmt"
"terror\materials\vgui\upgrade_toughness.vtf"
"terror\materials\vgui\white_additive.vtf"
"terror\materials\vgui\witch.vmt"
"terror\materials\vgui\witch.vtf"
"terror\missioncycle.txt"
"terror\reslists\counter-strike source\precache.lst"
"terror\reslists\counter-strike source\preload.lst"
"terror\reslists\counter-strike source\unreferenced.lst"
"terror\reslists\exclude.lst"
"terror\reslists\hospital_1.lst"
"terror\reslists\hospital_1.snd"
"terror\reslists\hospital_2.lst"
"terror\reslists\hospital_2.snd"
"terror\reslists\hospital_3.lst"
"terror\reslists\hospital_3.snd"
"terror\reslists\hospital_4.lst"
"terror\reslists\hospital_4.snd"
"terror\reslists\precache.lst"
"terror\reslists\preload.lst"
"terror\reslists\rural01.lst"
"terror\reslists\rural01.snd"
"terror\reslists\rural02a.lst"
"terror\reslists\rural02a.snd"
"terror\reslists\rural02b.lst"
"terror\reslists\rural02b.snd"
"terror\reslists\rural03a.lst"
"terror\reslists\rural03a.snd"
"terror\reslists\rural03b.lst"
"terror\reslists\rural03b.snd"
"terror\reslists\rural04.lst"
"terror\reslists\rural04.snd"
"terror\reslists\test_hardware.lst"
"terror\reslists\test_hardware.snd"
"terror\reslists\test_speakers.lst"
"terror\reslists\test_speakers.snd"
"terror\reslists\unreferenced_files.lst"
"terror\reslists\urban04a_hospital.lst"
"terror\reslists\urban04a_hospital.snd"
"terror\reslists\urban04_hospital.lst"
"terror\reslists\urban04_hospital.snd"
"terror\reslists\urban05b_finale.lst"
"terror\reslists\urban05b_finale.snd"
"terror\reslists\urban05_finale.lst"
"terror\reslists\urban05_finale.snd"
"terror\reslists\whitelist.lst"
"terror\scripts\clientmenu.txt"
"terror\scripts\gameserverconfig.vdf"
"terror\scripts\kb_act.lst"
"terror\scripts\radialmenu.txt"
"terror\scripts\weapon_boomer_claw.txt"
"terror\scripts\weapon_smoker_claw.txt"
"terror\sound\terror\music\arenaofdeath_01_01.mp3"
"terror\sound\terror\music\arenaofdeath_01_02.mp3"
"terror\sound\terror\music\barely_a_prayer_02_01.mp3"
"terror\sound\terror\music\barely_a_prayer_03_02.wav"
"terror\sound\terror\music\barely_a_prayer_04a_01.mp3"
"terror\sound\terror\music\barely_a_prayer_04a_01.wav"
"terror\sound\terror\music\barely_a_prayer_04_01.mp3"
"terror\sound\terror\music\barely_a_prayer_04_01.wav"
"terror\sound\terror\music\boss_01_01.mp3"
"terror\sound\terror\music\boss_01_02.mp3"
"terror\sound\terror\music\boss_01_02.wav"
"terror\sound\terror\music\boss_approaching_1.mp3"
"terror\sound\terror\music\checkpoint_1.mp3"
"terror\sound\terror\music\contagion_01_01.mp3"
"terror\sound\terror\music\contagion_02_01.mp3"
"terror\sound\terror\music\contagion_03_01.mp3"
"terror\sound\terror\music\contagion_04_01.mp3"
"terror\sound\terror\music\contagion_05_01.mp3"
"terror\sound\terror\music\contagion_06_01.mp3"
"terror\sound\terror\music\contagion_07_01.mp3"
"terror\sound\terror\music\contagion_08_01.mp3"
"terror\sound\terror\music\contagion_09_01.mp3"
"terror\sound\terror\music\contagion_10_01.mp3"
"terror\sound\terror\music\contagion_11_01.mp3"
"terror\sound\terror\music\contagion_12_01.mp3"
"terror\sound\terror\music\contagion_13_01.mp3"
"terror\sound\terror\music\death_01_01.mp3"
"terror\sound\terror\music\death_1.mp3"
"terror\sound\terror\music\dotd_24x100.mp3"
"terror\sound\terror\music\dotd_24x110.mp3"
"terror\sound\terror\music\dotd_24x120.mp3"
"terror\sound\terror\music\dotd_24x135.mp3"
"terror\sound\terror\music\dotd_24x150.mp3"
"terror\sound\terror\music\dotd_24x170.mp3"
"terror\sound\terror\music\dotd_end_01.mp3"
"terror\sound\terror\music\infection_02_01.mp3"
"terror\sound\terror\music\landmark_1.mp3"
"terror\sound\terror\music\mission_win_1.mp3"
"terror\sound\terror\music\mob_01_01.wav"
"terror\sound\terror\music\moi_01_02_01.mp3"
"terror\sound\terror\music\moi_01_04_01.mp3"
"terror\sound\terror\music\psychowitch_01_01.wav"
"terror\sound\terror\music\psychowitch_01_03.wav"
"terror\sound\terror\music\theme_1.mp3"
"terror\sound\terror\music\therecentlydeceased_01_01.mp3"
"terror\sound\terror\music\therecentlydeceased_02_01.mp3"
"terror\sound\terror\music\therecentlydeceased_03_01.mp3"
"terror\sound\terror\music\therecentlydeceased_04_01.mp3"
"terror\sound\terror\music\therecentlydeceased_05_01.mp3"
"terror\sound\terror\music\therecentlydeceased_06_01.mp3"
"terror\sound\terror\ui\beep07.wav"
"terror\sound\terror\ui\beep23.wav"
"terror\sound\terror\ui\beep_error01.wav"
"terror\sound\terror\ui\beep_synthtone01.wav"
"terror\sound\terror\ui\critical_event_1.wav"
"terror\sound\terror\ui\helpful_event_1.wav"
"terror\sound\terror\ui\menu_click01.wav"
"terror\sound\terror\ui\menu_click04.wav"
"terror\sound\terror\ui\menu_enter05.wav"
"terror\sound\terror\ui\menu_horror07.wav"
"terror\sound\terror\ui\pickup_gembells19.wav"
"terror\sound\terror\ui\pickup_magic33.wav"
"terror\sound\terror\ui\pickup_misc42.wav"
"terror\sound\terror\ui\pickup_secret01.wav"
"terror\sound\terror\ui\pickup_special16.wav"
"terror\terrornews.html"
"terror\whitelist.cfg"
