256 models/props_foliage/urban_trees_branches01_mip0
256 models/props_foliage/urban_trees_branches02_mip0
256 models/props_foliage/urban_trees_branches03_mip0
256 particle/fire_burning_character/fire_burning_character
256 particle/spray1/spray1
256 models/props_downtown/railings
256 models/props/terror/explosive_ammopack
256 models/props/terror/incendiary_ammopack
256 models/v_models/weapons/pistol/v_4pistols
256 models/weapons/melee/golf_club
256 models/weapons/melee/golf_club_normal
256 buildings/composite005
256 concrete/blacktop_ext_01_height-ssbump
256 glass/glasswindow007a
256 glass/hotel_glass001
256 metal/metal_plate01
256 metal/metal_plate01_ref
256 concrete/pavement2_height-ssbump
256 plaster/plaster_int_12_height-ssbump
256 brick/urban_brickwall_01_ssbump
256 brick/urban_brickwall_03a
256 concrete/street_overlay_crossing
256 concrete/street_overlay_noparking
256 concrete/street_overlay_parkingstripe
256 decals/decalstain001a
256 decals/plaster017a
256 decals/trash_00
256 decals/trashdecal02a
256 decals/trashdecal04a
256 detail/detailsprites_overgrown
256 metal/metalgrate004a
256 models/effects/urban_puddle01a
256 models/effects/urban_puddle01a_normal
256 models/props_downtown/atm_cigarettemachine
256 models/props_downtown/metal_door
256 models/props_equipment/light_floodlight_on
256 models/props_equipment/oxygentank01
256 models/props_equipment/snack_machine
256 models/props_foliage/mall_trees_branches01
256 models/props_foliage/mall_trees_branches02
256 models/props_foliage/tree_trunk
256 models/props_fortifications/barricade001
256 metal/metalwall058a
256 models/props_interiors/furniture_wood01
256 models/props_interiors/lamps_off
256 models/props_interiors/lamps_on
256 models/props_interiors/lamps_on_mask
256 models/props_junk/phys_objects02a
256 models/props_junk/phys_objects02b
256 models/props_junk/plastic_junk001a
256 models/props_lighting/lightfixture03_on
256 models/props_misc/fairground_tents
256 models/props_misc/tarps
256 models/props_misc/triage_tent
256 models/props_plants/plantairport01_dead
256 models/props_signs/pole_horizontal_01
256 models/props_signs/sign_street_01
256 models/props_urban/bench001
256 models/props_urban/fence001
256 models/props_urban/fence003
256 models/props_urban/garbage_can001
256 models/props_urban/plastic_table_set001
256 models/props_urban/porch_light003b
256 models/props_vehicles/4carz1024
256 models/props_vehicles/4carz1024_glass
256 models/props_vehicles/flatnose_truck
256 models/props_vehicles/floodlight_generator
256 models/props_vehicles/pickup_trucks
256 models/props_vehicles/pickup_trucks_glass
256 models/props_vehicles/racecar_damaged
256 nature/dirt01_overlay
256 overlays/street_cover_10
256 overlays/trash_01
256 particle/fire_particle_4/fire_particle_4
256 particle/goo/goo2
256 particle/particle_flares/particle_flare_002
256 particle/smoke1/smoke1
256 particle/vistasmokev1/vistasmokev1
256 plaster/urban_plasterwall_height-ssbump
256 plaster/plaster_int_a01
256 plaster/plaster_int_b01
256 tile/urban_tilewall01a_ssbump
256 glass/glasswindow048a
256 glass/urban_glass_02
256 wood/urban_woodcabinets02a_ssbump
256 concrete/street_overlay_noparking00
256 decals/debris_exterior_01
256 decals/offwhtbrda
256 decals/offwhtbrdb
256 glass/glasswindow041b
256 models/props_downtown/metal_window
256 models/props_downtown/shutters
256 models/props_misc/wrongway_sign01
256 models/props_vehicles/flatnose_truck_glass
256 overlays/brick_bottom_02
256 overlays/ghostsign_03
256 overlays/urban_paintswatch_01a
256 particle/blood_splatter/bloodsplatter
256 particle/fire_particle_2/fire_particle_2
256 particle/water_splash/water_splash
256 detail/detail_brick_01
256 carpet/carpet-ssbump
256 concrete/street_overlay_02

256 models/survivors/teenangst/zoey_color
256 models/survivors/teenangst/zoey_normal
256 models/survivors/teenangst/zoey_head_compress
256 models/survivors/teenangst/zoey_head_normal
256 models/survivors/teenangst/zoey_head
256 models/survivors/biker/francis_color
256 models/survivors/biker/francis_normal
256 models/survivors/biker/francis_head_compress
256 models/survivors/biker/francis_head_normal
256 models/survivors/biker/francis_head

models/props_junk/explosive_box001

512 models/infected/common/l4d2/cim_fallen_survivor
512 models/infected/common/l4d2/ci_gradient_palette_fallen_survivor

models/v_models/weapons/eq_cola/v_cola_logos
models/v_models/weapons/eq_cola/v_cola_glass_normal
models/v_models/weapons/eq_cola/v_cola_glass

512 models/props_vehicles/racecar_damaged

512 models/infected/common/cif_formal
512 models/infected/common/cim_formal

512 models/props_fairgrounds/amp_stack
512 models/props_fairgrounds/monitor_speaker
512 models/props_downtown/railings
256 buildings/roof07
256 models/props_waterfront/souvenirs_sign_selfillum
256 models/props_waterfront/souvenirs_sign
256 models/props_waterfront/awning
256 models/props_waterfront/historic_tour_sign
512 models/props_foliage/urban_trees_barks01
512 models/props_waterfront/footlocker01
512 models/props_downtown/roof_trim_mansion01
512 concrete/pavement2_height-ssbump
512 models/props_misc/tarps
512 models/props_misc/fairground_tents
512 models/props_misc/triage_tent
256 models/props_windows/window_brick01
512 models/props_downtown/metal_door
256 models/infected/witch/witch_bride_dress
512 models/props_downtown/balcony_underside
512 models/props_downtown/column_details_mansion
256 models/props_industrial/sluicegate_col
512 models/props_junk/physics_trash
512 models/props_urban/outhouse001
512 models/props_office/vending_machine01
512 models/props_debris/woodset01
