detail/detailsprites
dev/dev_measurewall01d
editor/orange
models/gibs/hgibs/skull1
models/gibs/hgibs/skull1_normal
models/props_equipment/oxygentank01
models/props_urban/curbs002

tools/toolsskybox
tools/toolsareaportal-dx10
tools/toolsclip-dx10
tools/toolshint-dx10
tools/toolsinvisible-dx10
tools/toolsskip-dx10
tools/toolstrigger-dx10
tools/toolsnodraw
tools/toolsclip
tools/toolshint
tools/toolsinvisible
tools/toolsskip
tools/toolstrigger

models/survivors/coach/coach_body_color
models/survivors/coach/coach_body_normal
models/survivors/coach/coach_head_wrp
models/survivors/gambler/gambler_body
models/survivors/gambler/gambler_body_normal
models/survivors/gambler/gambler_head_wrp
models/survivors/mechanic/mechanic_body_color
models/survivors/mechanic/mechanic_body_normal
models/survivors/producer/producer_body_color
models/survivors/producer/producer_body_normal

512 models/survivors/biker/francis_color
512 models/survivors/biker/francis_normal
512 models/survivors/biker/francis_head_normal
512 models/survivors/teenangst/zoey_color
512 models/survivors/teenangst/zoey_normal
512 models/survivors/teenangst/zoey_head_normal
512 models/survivors/manager/louis_color
512 models/survivors/manager/louis_normal
512 models/survivors/manager/louis_head_normal
512 models/survivors/namvet/bill_color
512 models/survivors/namvet/bill_normal
512 models/survivors/namvet/bill_head_normal

512 decals/trash01

1024 particle/fire_burning_character/fire_burning_character
512 particle/fire_particle_4/fire_particle_4
512 particle/goo/goo
512 particle/headshot/headshot
512 particle/spray1/spray1
512 particle/vistasmokev1/vistasmokev1
1024 particle/water_splash/water_splash

512 models/v_models/infected/v_hulk
512 models/v_models/weapons/autoshot/m4super
512 models/v_models/weapons/pistol/v_pistol_reference
512 models/v_models/weapons/rifle/m16a2
512 models/v_models/weapons/shotgun/v_pump_shotgun_reference
512 models/v_models/weapons/smg/uzi
512 models/v_models/weapons/sniper/v_sniper_reference

512 models/survivors/biker/francis_normal
512 models/survivors/biker/francis_head_normal
512 models/survivors/teenangst/zoey_normal
512 models/survivors/teenangst/zoey_head_normal
512 models/survivors/manager/louis_normal
512 models/survivors/manager/louis_head_normal
512 models/survivors/namvet/bill_normal
512 models/survivors/namvet/bill_head_normal
512 models/survivors/namvet/bill_hair

512 models/infected/common/common_male_lower_01
512 models/infected/common/common_male_upper_05
512 models/infected/common/female_01/common_female_casual_lower_01
512 models/infected/common/female_01/common_female_casual_upper_01
512 models/infected/common/military_national_guard/common_military_lower_01
512 models/infected/common/military_national_guard/common_military_upper_01
512 models/infected/common/rural/common_rural_upper_01
512 models/infected/common/worker/common_worker_male_lower_01
512 models/infected/common/worker/common_worker_male_upper_01
512 models/infected/common/worker/common_worker_male_upper_02
256 models/infected/gibs/gibs

1024 models/infected/boomer/boomer
512 models/infected/boomer/boomer_exploded_01
512 models/infected/boomer/boomer_normal
1024 models/infected/hunter/hunter_01
512 models/infected/hulk/hulk_01_normal
1024 models/infected/smoker/smoker
512 models/infected/smoker/smoker_normal
1024 models/infected/witch/witch
512 models/infected/witch/witch_hair
512 models/infected/witch/witch_normal

256 buildings/urban_composite_02a_ref
512 decals/decals_mod2x
256 decals/decalstain011a
256 de_train/train_cement_stain_01
256 glass/glasswindow048b_height-ssbump
256 glass/urban_glass_03
256 metal/metalwall003a
512 models/deadbodies/deadbodies_super
256 models/props/de_prodigy/tirestack
512 models/props_office/vending_machine01
64 models/props_buildings/hmap_citycenter_hill
256 models/props_buildings/storefront
256 models/props_c17/concrete_barrier
256 models/props_c17/fence_alpha
256 models/props_c17/lamppost03a
256 models/props_c17/metalladder002
256 models/props_debris/composite_debris
256 models/props_debris/concretedebris_chunk01
"512 models/props_doors/checkpoint door"
512 models/props_equipment/cargo_container01
256 models/props_equipment/firepipe02
128 models/props_equipment/sleeping_bag1_ref
128 models/props_equipment/sleeping_bag2_ref
512 models/props_exteriors/concrete_plant01_main01
64 models/props_exteriors/concrete_plant01_railing_breakable01
256 models/props_exteriors/concrete_plant01_tanks_liquid01
256 models/props_exteriors/guardrail_ref
256 models/props_foliage/tree_trunk
512 models/props_foliage/urban_trees_barks01
512 models/props_foliage/urban_trees_branches02_mip0
512 models/props_foliage/urban_trees_branches03_mip0
256 models/props_fortifications/concrete_barrier01
128 models/props_interiors/foldingchair
256 models/props_interiors/furniture_wood01
512 models/props_industrial/oil_pipes
512 models/props_industrial/vehiclelift01
512 models/props_industrial/warehouse_shelves
256 models/props_junk/physics_trash_hospital
128 models/props_lighting/lightfixture04off
64 models/props_lighting/lightfixture04off_ref
64 models/props_lighting/lightfixture05_docks
32 models/props_lighting/lightfixture05_ref
128 models/props_office/filecabinet01_ref
256 models/props_pipes/pipeset32d
256 models/props_rooftop/acvent04
256 models/props_rooftop/billboard01_main
128 models/props_rooftop/billboard01_supports
256 models/props_rooftop/rooftopcluster06a
128 models/props_signs/raisedbillboard_frame
256 models/props_signs/raisedbillboard_main
256 models/props_street/awning_long
256 models/props_street/bollards
256 models/props_street/electrical_boxes
256 models/props_street/garbage_can
512 models/props_street/railway_overpass01
256 models/props_street/warehouse_vent_pipes
256 models/props_urban/curbs001
256 models/props_urban/fire_escape
128 models/props_urban/porch_light003
512 models/props_vehicles/4carz1024
512 models/props_vehicles/4carz1024_envmask
256 models/props_vehicles/4carz1024_glass
512 models/props_vehicles/barge
512 models/props_vehicles/boat_fishing02
256 models/props_vehicles/4carz1024_glass_alarm_illum_mask
512 models/props_vehicles/cement_truck01
128 models/props_vehicles/cement_truck01_ref
512 models/props_vehicles/coalfreighter_baffles
512 models/props_vehicles/coalfreighter_conveyor
512 models/props_vehicles/coalfreighter_deckdetail
512 models/props_vehicles/coalfreighter_hull
256 models/props_vehicles/coalfreighter_lifeboats
512 models/props_vehicles/flatnose_truck
256 models/props_vehicles/flatnose_truck_glass
512 models/props_vehicles/pickuptruck
256 models/props_vehicles/pickuptruck_ref
512 models/props_vehicles/semi_trailer
256 models/props_vehicles/semi_trailer_ref
512 models/props_vehicles/tankertrailer
128 models/props_vehicles/tankertrailer_ref
256 models/props_wasteland/fence_sheet01
256 models/props_wasteland/fence_sheet02
256 models/props_windows/windows_urban01