detail/detailsprites
models/props_doors/doormain_skin02
models/props_doors/doormain_skin03
models/props_doors/doormain_skin04
models/props_equipment/oxygentank01
models/props_foliage/tree_trunk
models/props_interiors/tvanimstatic
models/props_interiors/tvebstest
models/props_junk/explosive_box001
models/props_lighting/lightfixture02aon
models/props_lighting/lightfixture02aoff
models/v_models/weapons/eq_cola/v_cola_logos
models/v_models/weapons/eq_cola/v_cola_glass
models/v_models/weapons/eq_cola/v_cola_glass_normal

models/survivors/coach/coach_body_color
models/survivors/coach/coach_body_normal
models/survivors/coach/coach_head_wrp
models/survivors/gambler/gambler_body
models/survivors/gambler/gambler_body_normal
models/survivors/gambler/gambler_head_wrp
models/survivors/mechanic/mechanic_body_color
models/survivors/mechanic/mechanic_body_normal
models/survivors/producer/producer_body_color
models/survivors/producer/producer_body_normal

512 models/survivors/biker/francis_color
512 models/survivors/biker/francis_normal
512 models/survivors/biker/francis_head_normal
512 models/survivors/teenangst/zoey_color
512 models/survivors/teenangst/zoey_normal
512 models/survivors/teenangst/zoey_head_normal
512 models/survivors/manager/louis_color
512 models/survivors/manager/louis_normal
512 models/survivors/manager/louis_head_normal
512 models/survivors/namvet/bill_color
512 models/survivors/namvet/bill_normal
512 models/survivors/namvet/bill_head_normal

256 buildings/trim13
256 buildings/trim19
256 concrete/offtrima
512 concrete/urban_concretefloor_01_ssbump
256 decals/buildingsign01
128 glass/glasswindow048a
512 decals/bench01_subway
512 decals/bloodstain_003
256 decals/buildingsign01
256 decals/decalstain001a
256 decals/decalstain002a
256 decals/decalstain011a
256 decals/door_wood22
256 decals/door_wood36
256 decals/door_wood37
256 decals/prodconcrete02
256 decals/subwaytracks_overlay
256 de_train/train_cement_stain_01
256 glass/offwndwb_break_hdr
256 glass/urban_glass_03
256 metal/metal_corrugated01b
256 metal/metalgrate008a
256 metal/metaltruss004a
256 metal/metalwall014a
256 metal/metalwall031a
256 metal/prodventa_normal

512 models/deadbodies/deadbodies_super
512 models/deadbodies/dead_military_police_super

256 models/hybridphysx/helicopter_news_adj
/*
512 models/infected/boomer/boomer
512 models/infected/boomer/boomer_exploded_01
512 models/infected/boomer/boomer_normal
512 models/infected/hulk/tank_color
512 models/infected/hulk/tank_normal
512 models/infected/hunter/hunter_01
512 models/infected/hunter/hunter_exponent
512 models/infected/hunter/hunter_normal
512 models/infected/smoker/smoker
512 models/infected/smoker/smoker_normal
512 models/infected/smoker/smoker_tongue_normal
512 models/infected/smoker/smokerexponent
512 models/infected/witch/witch
512 models/infected/witch/witch_normal
512 models/infected/witch/witch_hair
*/
256 models/props/cs_militia/boxes1
128 models/props/cs_office/projector
128 models/props/de_nuke/industriallight01
128 models/props/de_nuke/light_red1
128 models/props/de_nuke/light_wall
256 models/props_c17/handrailmetal001a
256 models/props_c17/lamppost03a
256 models/props_debris/composite_debris
256 models/props_debris/concretedebris_chunk01
512 "models/props_doors/checkpoint door"
256 models/props_doors/door_urban_48_118
512 models/props_industrial/warehouse_shelves
512 models/props_interiors/concretepillar01_dm
256 models/props_interiors/copymachine01
256 models/props_interiors/corkboardverticle01
256 models/props_interiors/furniture_wood01
256 models/props_interiors/industrial_table01
256 models/props_interiors/shelvingstore_grocery01
256 models/props_junk/cardboard_boxes001a
256 models/props_junk/garbage003a_01
256 models/props_junk/physics_trash_hospital
256 models/props_junk/plasticcrate01a
256 models/props_junk/trashclusters01
256 models/props_lab/lab_objects02
256 models/props_lab/monitor02
128 models/props_lighting/lightfixture02on
128 models/props_lighting/lightfixture02off
128 models/props_misc/pan-1
128 models/props_misc/pan-2
128 models/props_misc/pan-3
128 models/props_misc/pot-2
512 models/props_office/vending_machine01
256 models/props_pipes/interiorpipe002a
256 models/props_pipes/pipeset02d_512_001a
256 models/props_pipes/pipeset32d
256 models/props_rooftop/acvent02
256 models/props_rooftop/acvent04
256 models/props_rooftop/billboard03_main
256 models/props_rooftop/gutter_pipe
256 models/props_rooftop/train_signalbox
256 models/props_signs/burger_tank_col_lo
256 models/props_street/bay_window01
256 models/props_street/bollards
256 models/props_street/electrical_boxes
256 models/props_street/mail_dropbox
512 models/props_street/phonepole1a
256 models/props_street/shutters
256 models/props_street/trafficlight01_main
256 models/props_street/trimpiece02
256 models/props_street/watertower01
256 models/props_trainstation/trainstation_bench001
512 models/props_unique/generator
512 models/props_unique/generator01
256 models/props_unique/processor_tank
512 models/props_unique/subwaycar_all
512 models/props_vehicles/4carz1024
256 models/props_vehicles/4carz1024_glass
256 models/props_vehicles/4carz1024_glass_alarm_illum_mask
512 models/props_vehicles/flatnose_truck
256 models/props_vehicles/flatnose_truck_glass
256 models/props_vehicles/helicopter_news2
128 models/props_vehicles/helicopter_news2_ref
256 models/props_vehicles/helicopter_news_ref
256 models/props_vehicles/police_car
512 models/props_vehicles/tanker_wrecked
256 models/props_vents/ventbreakable01
256 models/props_wasteland/fence_sheet01
256 models/props_wasteland/fence_sheet02
128 models/props_wasteland/light_spotlight01a
256 models/props_wasteland/light_spotlight01b
256 models/props_windows/windows_urban01
256 models/props_windows/windows_urban02
/*
512 models/v_models/weapons/autoshot/m4super
256 models/v_models/weapons/eq_molotov/v_eq_molotov_bottle
256 models/v_models/weapons/eq_molotov/v_eq_molotov_bottle_normal
256 models/v_models/weapons/eq_molotov/v_eq_molotov_rag
512 models/v_models/weapons/rifle/m16a2
512 models/v_models/weapons/shotgun/v_pump_shotgun_reference
512 models/v_models/weapons/smg/uzi
512 models/v_models/weapons/sniper/v_sniper_reference
512 models/w_models/minigun/w_minigun
*/
256 tile/floor03
256 tile/urban_countertop01b
256 wood/urban_woodcabinets02a
64 wood/urban_woodcabinets02b


512 models/w_models/minigun/w_minigun 
256 models/w_models/minigun/w_minigun_glow 
